#
# There is insufficient memory for the Java Runtime Environment to continue.
# Native memory allocation (malloc) failed to allocate 1048576 bytes. Error detail: AllocateHeap
# Possible reasons:
#   The system is out of physical RAM or swap space
#   This process is running with CompressedOops enabled, and the Java Heap may be blocking the growth of the native heap
# Possible solutions:
#   Reduce memory load on the system
#   Increase physical memory or swap space
#   Check if swap backing store is full
#   Decrease Java heap size (-Xmx/-Xms)
#   Decrease number of Java threads
#   Decrease Java thread stack sizes (-Xss)
#   Set larger code cache with -XX:ReservedCodeCacheSize=
#   JVM is running with Unscaled Compressed Oops mode in which the Java heap is
#     placed in the first 4GB address space. The Java Heap base address is the
#     maximum limit for the native heap growth. Please use -XX:HeapBaseMinAddress
#     to set the Java Heap base and to place the Java Heap above 4GB virtual address.
# This output file may be truncated or incomplete.
#
#  Out of Memory Error (allocation.cpp:44), pid=18996, tid=8848
#
# JRE version: OpenJDK Runtime Environment Temurin-21.0.9+10 (21.0.9+10) (build 21.0.9+10-LTS)
# Java VM: OpenJDK 64-Bit Server VM Temurin-21.0.9+10 (21.0.9+10-LTS, mixed mode, sharing, tiered, compressed oops, compressed class ptrs, parallel gc, windows-amd64)
# No core dump will be written. Minidumps are not enabled by default on client versions of Windows
#

---------------  S U M M A R Y ------------

Command Line: --add-modules=ALL-SYSTEM --add-opens=java.base/java.util=ALL-UNNAMED --add-opens=java.base/java.lang=ALL-UNNAMED --add-opens=java.base/sun.nio.fs=ALL-UNNAMED -Declipse.application=org.eclipse.jdt.ls.core.id1 -Dosgi.bundles.defaultStartLevel=4 -Declipse.product=org.eclipse.jdt.ls.core.product -Djava.import.generatesMetadataFilesAtProjectRoot=false -DDetectVMInstallationsJob.disabled=true -Dfile.encoding=utf8 -XX:+UseParallelGC -XX:GCTimeRatio=4 -XX:AdaptiveSizePolicyWeight=90 -Dsun.zip.disableMemoryMapping=true -Xmx2G -Xms100m -Xlog:disable -javaagent:c:\Users\Muktadeer\.antigravity\extensions\redhat.java-1.50.0-win32-x64\lombok\lombok-1.18.39-4050.jar -XX:+HeapDumpOnOutOfMemoryError -XX:HeapDumpPath=c:\Users\Muktadeer\AppData\Roaming\Antigravity\User\workspaceStorage\ac9834489cf5500c5e8e40b24c0bf61a\redhat.java -Daether.dependencyCollector.impl=bf c:\Users\Muktadeer\.antigravity\extensions\redhat.java-1.50.0-win32-x64\server\plugins\org.eclipse.equinox.launcher_1.7.100.v20251111-0406.jar -configuration c:\Users\Muktadeer\AppData\Roaming\Antigravity\User\globalStorage\redhat.java\1.50.0\config_win -data c:\Users\Muktadeer\AppData\Roaming\Antigravity\User\workspaceStorage\ac9834489cf5500c5e8e40b24c0bf61a\redhat.java\jdt_ws --pipe=\\.\pipe\lsp-a209b1bc880d06da429a7907fcf0c62c-sock

Host: Intel(R) Core(TM) i5-7300U CPU @ 2.60GHz, 4 cores, 15G,  Windows 11 , 64 bit Build 26100 (10.0.26100.7019)
Time: Sat Nov 29 18:06:09 2025 Bangladesh Standard Time elapsed time: 1293.698578 seconds (0d 0h 21m 33s)

---------------  T H R E A D  ---------------

Current thread (0x00000172bd2d0d90):  JavaThread "Attach Listener" daemon [_thread_in_vm, id=8848, stack(0x0000005b94c00000,0x0000005b94d00000) (1024K)]

Stack: [0x0000005b94c00000,0x0000005b94d00000]
Native frames: (J=compiled Java code, j=interpreted, Vv=VM code, C=native code)
V  [jvm.dll+0x6d6e29]
V  [jvm.dll+0x8b4b76]
V  [jvm.dll+0x8b712e]
V  [jvm.dll+0x8b7813]
V  [jvm.dll+0x283d86]
V  [jvm.dll+0xc1277]
V  [jvm.dll+0x6d76d9]
V  [jvm.dll+0x133466]
V  [jvm.dll+0x3f7ea6]
V  [jvm.dll+0x85e9ad]
V  [jvm.dll+0x6d565d]
C  [ucrtbase.dll+0x37b0]
C  [KERNEL32.DLL+0x2e8d7]
C  [ntdll.dll+0x8c53c]


---------------  P R O C E S S  ---------------

Threads class SMR info:
_java_thread_list=0x000001731d9c27d0, length=32, elements={
0x00000172bb058980, 0x00000172bd49b1f0, 0x00000172bd49e800, 0x00000172bd2d0340,
0x00000172bd2d0d90, 0x00000172bd2d17e0, 0x00000172bd2d2230, 0x00000172bd2d2fb0,
0x00000172bd35e1c0, 0x0000017315b7be20, 0x0000017315c4bdf0, 0x000001731a676680,
0x000001731a0b6230, 0x000001731a391bf0, 0x000001731a3a9840, 0x0000017315b7b030,
0x000001731aa35f40, 0x000001731a53e5e0, 0x0000017315b9dc00, 0x000001731a950aa0,
0x000001731a950410, 0x000001731a94fd80, 0x000001731c0d8800, 0x000001731c0d8e90,
0x000001731c0d8170, 0x000001731c0d7450, 0x000001731c0d7ae0, 0x000001731c0d9520,
0x000001731c0daf60, 0x000001731c0d9bb0, 0x000001731c0dc310, 0x000001731c0da240
}

Java Threads: ( => current thread )
  0x00000172bb058980 JavaThread "main"                              [_thread_blocked, id=27300, stack(0x0000005b94500000,0x0000005b94600000) (1024K)]
  0x00000172bd49b1f0 JavaThread "Reference Handler"          daemon [_thread_blocked, id=7736, stack(0x0000005b94900000,0x0000005b94a00000) (1024K)]
  0x00000172bd49e800 JavaThread "Finalizer"                  daemon [_thread_blocked, id=28940, stack(0x0000005b94a00000,0x0000005b94b00000) (1024K)]
  0x00000172bd2d0340 JavaThread "Signal Dispatcher"          daemon [_thread_blocked, id=5812, stack(0x0000005b94b00000,0x0000005b94c00000) (1024K)]
=>0x00000172bd2d0d90 JavaThread "Attach Listener"            daemon [_thread_in_vm, id=8848, stack(0x0000005b94c00000,0x0000005b94d00000) (1024K)]
  0x00000172bd2d17e0 JavaThread "Service Thread"             daemon [_thread_blocked, id=1400, stack(0x0000005b94d00000,0x0000005b94e00000) (1024K)]
  0x00000172bd2d2230 JavaThread "Monitor Deflation Thread"   daemon [_thread_blocked, id=25948, stack(0x0000005b94e00000,0x0000005b94f00000) (1024K)]
  0x00000172bd2d2fb0 JavaThread "C2 CompilerThread0"         daemon [_thread_blocked, id=28776, stack(0x0000005b94f00000,0x0000005b95000000) (1024K)]
  0x00000172bd35e1c0 JavaThread "C1 CompilerThread0"         daemon [_thread_blocked, id=10688, stack(0x0000005b95000000,0x0000005b95100000) (1024K)]
  0x0000017315b7be20 JavaThread "Common-Cleaner"             daemon [_thread_blocked, id=29776, stack(0x0000005b95100000,0x0000005b95200000) (1024K)]
  0x0000017315c4bdf0 JavaThread "Notification Thread"        daemon [_thread_blocked, id=15608, stack(0x0000005b95200000,0x0000005b95300000) (1024K)]
  0x000001731a676680 JavaThread "Active Thread: Equinox Container: 8c09cbba-76dd-4ef0-8974-74f7ce1bc72c"        [_thread_blocked, id=26464, stack(0x0000005b95600000,0x0000005b95700000) (1024K)]
  0x000001731a0b6230 JavaThread "Refresh Thread: Equinox Container: 8c09cbba-76dd-4ef0-8974-74f7ce1bc72c" daemon [_thread_blocked, id=23844, stack(0x0000005b95700000,0x0000005b95800000) (1024K)]
  0x000001731a391bf0 JavaThread "Framework Event Dispatcher: Equinox Container: 8c09cbba-76dd-4ef0-8974-74f7ce1bc72c" daemon [_thread_blocked, id=26928, stack(0x0000005b95800000,0x0000005b95900000) (1024K)]
  0x000001731a3a9840 JavaThread "Start Level: Equinox Container: 8c09cbba-76dd-4ef0-8974-74f7ce1bc72c" daemon [_thread_blocked, id=6692, stack(0x0000005b95900000,0x0000005b95a00000) (1024K)]
  0x0000017315b7b030 JavaThread "Bundle File Closer"         daemon [_thread_blocked, id=20488, stack(0x0000005b95a00000,0x0000005b95b00000) (1024K)]
  0x000001731aa35f40 JavaThread "SCR Component Actor"        daemon [_thread_blocked, id=9916, stack(0x0000005b95b00000,0x0000005b95c00000) (1024K)]
  0x000001731a53e5e0 JavaThread "Worker-JM"                         [_thread_blocked, id=23328, stack(0x0000005b95c00000,0x0000005b95d00000) (1024K)]
  0x0000017315b9dc00 JavaThread "JNA Cleaner"                daemon [_thread_blocked, id=14536, stack(0x0000005b95d00000,0x0000005b95e00000) (1024K)]
  0x000001731a950aa0 JavaThread "Java indexing"              daemon [_thread_blocked, id=15392, stack(0x0000005b96200000,0x0000005b96300000) (1024K)]
  0x000001731a950410 JavaThread "Thread-1"                   daemon [_thread_in_native, id=9388, stack(0x0000005b96700000,0x0000005b96800000) (1024K)]
  0x000001731a94fd80 JavaThread "Thread-2"                   daemon [_thread_in_native, id=25852, stack(0x0000005b96800000,0x0000005b96900000) (1024K)]
  0x000001731c0d8800 JavaThread "Thread-3"                   daemon [_thread_in_native, id=26972, stack(0x0000005b96900000,0x0000005b96a00000) (1024K)]
  0x000001731c0d8e90 JavaThread "Thread-4"                   daemon [_thread_in_native, id=1312, stack(0x0000005b96a00000,0x0000005b96b00000) (1024K)]
  0x000001731c0d8170 JavaThread "Thread-5"                   daemon [_thread_in_native, id=25100, stack(0x0000005b96b00000,0x0000005b96c00000) (1024K)]
  0x000001731c0d7450 JavaThread "pool-2-thread-1"                   [_thread_blocked, id=26688, stack(0x0000005b96c00000,0x0000005b96d00000) (1024K)]
  0x000001731c0d7ae0 JavaThread "WorkspaceEventsHandler"            [_thread_blocked, id=28128, stack(0x0000005b96d00000,0x0000005b96e00000) (1024K)]
  0x000001731c0d9520 JavaThread "pool-1-thread-1"                   [_thread_blocked, id=22244, stack(0x0000005b96e00000,0x0000005b96f00000) (1024K)]
  0x000001731c0daf60 JavaThread "Cleaner-0"                  daemon [_thread_blocked, id=6120, stack(0x0000005b94300000,0x0000005b94400000) (1024K)]
  0x000001731c0d9bb0 JavaThread "Worker-9: Updating workspace"        [_thread_blocked, id=17496, stack(0x0000005b96000000,0x0000005b96100000) (1024K)]
  0x000001731c0dc310 JavaThread "Worker-11: Building"               [_thread_in_native, id=19600, stack(0x0000005b95e00000,0x0000005b95f00000) (1024K)]
  0x000001731c0da240 JavaThread "Worker-13"                         [_thread_blocked, id=15100, stack(0x0000005b94400000,0x0000005b94500000) (1024K)]
Total: 32

Other Threads:
  0x00000172bd480770 VMThread "VM Thread"                           [id=20524, stack(0x0000005b94800000,0x0000005b94900000) (1024K)]
  0x00000172bd26ca00 WatcherThread "VM Periodic Task Thread"        [id=8472, stack(0x0000005b94700000,0x0000005b94800000) (1024K)]
  0x00000172bd3fa430 WorkerThread "GC Thread#0"                     [id=24900, stack(0x0000005b94600000,0x0000005b94700000) (1024K)]
  0x00000173159cd2d0 WorkerThread "GC Thread#1"                     [id=25988, stack(0x0000005b95300000,0x0000005b95400000) (1024K)]
  0x00000173159cd670 WorkerThread "GC Thread#2"                     [id=24568, stack(0x0000005b95400000,0x0000005b95500000) (1024K)]
  0x000001731a113810 WorkerThread "GC Thread#3"                     [id=7092, stack(0x0000005b95500000,0x0000005b95600000) (1024K)]
Total: 6

Threads with active compile tasks:
Total: 0

VM state: not at safepoint (normal execution)

VM Mutex/Monitor currently owned by a thread: None

Heap address: 0x0000000080000000, size: 2048 MB, Compressed Oops mode: 32-bit

CDS archive(s) mapped at: [0x00000172d4000000-0x00000172d4ba0000-0x00000172d4ba0000), size 12189696, SharedBaseAddress: 0x00000172d4000000, ArchiveRelocationMode: 1.
Compressed class space mapped at: 0x00000172d5000000-0x0000017315000000, reserved size: 1073741824
Narrow klass base: 0x00000172d4000000, Narrow klass shift: 0, Narrow klass range: 0x100000000

GC Precious Log:
 CardTable entry size: 512
 CPUs: 4 total, 4 available
 Memory: 16264M
 Large Page Support: Disabled
 NUMA Support: Disabled
 Compressed Oops: Enabled (32-bit)
 Alignments: Space 512K, Generation 512K, Heap 2M
 Heap Min Capacity: 100M
 Heap Initial Capacity: 100M
 Heap Max Capacity: 2G
 Pre-touch: Disabled
 Parallel Workers: 4

Heap:
 PSYoungGen      total 4608K, used 2936K [0x00000000d5580000, 0x00000000d5b80000, 0x0000000100000000)
  eden space 4096K, 68% used [0x00000000d5580000,0x00000000d583e388,0x00000000d5980000)
  from space 512K, 25% used [0x00000000d5980000,0x00000000d59a0000,0x00000000d5a00000)
  to   space 512K, 0% used [0x00000000d5b00000,0x00000000d5b00000,0x00000000d5b80000)
 ParOldGen       total 430080K, used 429746K [0x0000000080000000, 0x000000009a400000, 0x00000000d5580000)
  object space 430080K, 99% used [0x0000000080000000,0x000000009a3aca88,0x000000009a400000)
 Metaspace       used 70142K, committed 71744K, reserved 1114112K
  class space    used 7292K, committed 8000K, reserved 1048576K

Card table byte_map: [0x00000172bcd80000,0x00000172bd190000] _byte_map_base: 0x00000172bc980000

Marking Bits: (ParMarkBitMap*) 0x00007ff8a1382460
 Begin Bits: [0x00000172cf890000, 0x00000172d1890000)
 End Bits:   [0x00000172d1890000, 0x00000172d3890000)

Polling page: 0x00000172baff0000

Metaspace:

Usage:
  Non-class:     61.38 MB used.
      Class:      7.12 MB used.
       Both:     68.50 MB used.

Virtual space:
  Non-class space:       64.00 MB reserved,      62.25 MB ( 97%) committed,  1 nodes.
      Class space:        1.00 GB reserved,       7.81 MB ( <1%) committed,  1 nodes.
             Both:        1.06 GB reserved,      70.06 MB (  6%) committed. 

Chunk freelists:
   Non-Class:  848.00 KB
       Class:  8.17 MB
        Both:  9.00 MB

MaxMetaspaceSize: unlimited
CompressedClassSpaceSize: 1.00 GB
Initial GC threshold: 21.00 MB
Current GC threshold: 97.31 MB
CDS: on
 - commit_granule_bytes: 65536.
 - commit_granule_words: 8192.
 - virtual_space_node_default_size: 8388608.
 - enlarge_chunks_in_place: 1.
 - use_allocation_guard: 0.


Internal statistics:

num_allocs_failed_limit: 9.
num_arena_births: 1298.
num_arena_deaths: 14.
num_vsnodes_births: 2.
num_vsnodes_deaths: 0.
num_space_committed: 1121.
num_space_uncommitted: 0.
num_chunks_returned_to_freelist: 23.
num_chunks_taken_from_freelist: 4724.
num_chunk_merges: 15.
num_chunk_splits: 2863.
num_chunks_enlarged: 1557.
num_inconsistent_stats: 0.

CodeHeap 'non-profiled nmethods': size=120000Kb used=13348Kb max_used=13348Kb free=106651Kb
 bounds [0x00000172c80b0000, 0x00000172c8dc0000, 0x00000172cf5e0000]
CodeHeap 'profiled nmethods': size=120000Kb used=31699Kb max_used=31699Kb free=88301Kb
 bounds [0x00000172c05e0000, 0x00000172c24e0000, 0x00000172c7b10000]
CodeHeap 'non-nmethods': size=5760Kb used=1454Kb max_used=1552Kb free=4306Kb
 bounds [0x00000172c7b10000, 0x00000172c7d80000, 0x00000172c80b0000]
CodeCache: size=245760Kb, used=46501Kb, max_used=46599Kb, free=199258Kb
 total_blobs=14322, nmethods=13552, adapters=674, full_count=0
Compilation: enabled, stopped_count=0, restarted_count=0

Compilation events (20 events):
Event: 1292.422 Thread 0x00000172bd35e1c0 14398       3       org.apache.maven.model.PatternSet::getIncludes (23 bytes)
Event: 1292.422 Thread 0x00000172bd35e1c0 nmethod 14398 0x00000172c24d2590 code [0x00000172c24d2760, 0x00000172c24d2ab0]
Event: 1292.452 Thread 0x00000172bd35e1c0 14399       3       org.apache.maven.model.PatternSet::getExcludes (23 bytes)
Event: 1292.453 Thread 0x00000172bd35e1c0 nmethod 14399 0x00000172c24d2c10 code [0x00000172c24d2de0, 0x00000172c24d3130]
Event: 1292.546 Thread 0x00000172bd35e1c0 14400       3       java.util.concurrent.atomic.AtomicReference::<init> (10 bytes)
Event: 1292.546 Thread 0x00000172bd35e1c0 nmethod 14400 0x00000172c24d3290 code [0x00000172c24d3440, 0x00000172c24d35c8]
Event: 1292.906 Thread 0x00000172bd35e1c0 14401       3       java.util.stream.ReferencePipeline::flatMap (30 bytes)
Event: 1292.907 Thread 0x00000172bd35e1c0 nmethod 14401 0x00000172c24d3690 code [0x00000172c24d3880, 0x00000172c24d3d10]
Event: 1292.947 Thread 0x00000172bd2d2fb0 14402       4       org.eclipse.sisu.bean.DeclaredMembers$MemberIterator::hasNext (97 bytes)
Event: 1292.955 Thread 0x00000172bd2d2fb0 nmethod 14402 0x00000172c8db7a10 code [0x00000172c8db7be0, 0x00000172c8db7f18]
Event: 1292.976 Thread 0x00000172bd2d2fb0 14403       4       ch.qos.logback.classic.LoggerContext::getTurboFilterChainDecision_0_3OrMore (31 bytes)
Event: 1292.978 Thread 0x00000172bd2d2fb0 nmethod 14403 0x00000172c8db8190 code [0x00000172c8db8320, 0x00000172c8db8420]
Event: 1293.032 Thread 0x00000172bd2d2fb0 14404       4       ch.qos.logback.classic.Logger::callAppenders (47 bytes)
Event: 1293.035 Thread 0x00000172bd2d2fb0 nmethod 14404 0x00000172c8db8590 code [0x00000172c8db8720, 0x00000172c8db8868]
Event: 1293.036 Thread 0x00000172bd35e1c0 14405       3       java.lang.Throwable::getStackTrace (11 bytes)
Event: 1293.037 Thread 0x00000172bd35e1c0 nmethod 14405 0x00000172c24d3f10 code [0x00000172c24d40e0, 0x00000172c24d43d8]
Event: 1293.037 Thread 0x00000172bd35e1c0 14406       3       org.apache.maven.project.MavenProject::getProperties (8 bytes)
Event: 1293.037 Thread 0x00000172bd35e1c0 nmethod 14406 0x00000172c24d4510 code [0x00000172c24d46e0, 0x00000172c24d4a70]
Event: 1293.179 Thread 0x00000172bd2d2fb0 14407   !   4       org.eclipse.jdt.internal.core.ClasspathEntry::getLibraryIndexLocation (228 bytes)
Event: 1293.185 Thread 0x00000172bd2d2fb0 nmethod 14407 0x00000172c8db8990 code [0x00000172c8db8b40, 0x00000172c8db8e70]

GC Heap History (20 events):
Event: 605.497 GC heap before
{Heap before GC invocations=543 (full 3):
 PSYoungGen      total 4608K, used 4256K [0x00000000d5580000, 0x00000000d5b80000, 0x0000000100000000)
  eden space 4096K, 100% used [0x00000000d5580000,0x00000000d5980000,0x00000000d5980000)
  from space 512K, 31% used [0x00000000d5980000,0x00000000d59a8000,0x00000000d5a00000)
  to   space 512K, 0% used [0x00000000d5b00000,0x00000000d5b00000,0x00000000d5b80000)
 ParOldGen       total 429056K, used 429050K [0x0000000080000000, 0x000000009a300000, 0x00000000d5580000)
  object space 429056K, 99% used [0x0000000080000000,0x000000009a2fea78,0x000000009a300000)
 Metaspace       used 70077K, committed 71680K, reserved 1114112K
  class space    used 7292K, committed 8000K, reserved 1048576K
}
Event: 605.501 GC heap after
{Heap after GC invocations=543 (full 3):
 PSYoungGen      total 4608K, used 192K [0x00000000d5580000, 0x00000000d5b80000, 0x0000000100000000)
  eden space 4096K, 0% used [0x00000000d5580000,0x00000000d5580000,0x00000000d5980000)
  from space 512K, 37% used [0x00000000d5b00000,0x00000000d5b30000,0x00000000d5b80000)
  to   space 512K, 0% used [0x00000000d5980000,0x00000000d5980000,0x00000000d5a00000)
 ParOldGen       total 429568K, used 429090K [0x0000000080000000, 0x000000009a380000, 0x00000000d5580000)
  object space 429568K, 99% used [0x0000000080000000,0x000000009a308a88,0x000000009a380000)
 Metaspace       used 70077K, committed 71680K, reserved 1114112K
  class space    used 7292K, committed 8000K, reserved 1048576K
}
Event: 605.684 GC heap before
{Heap before GC invocations=544 (full 3):
 PSYoungGen      total 4608K, used 4288K [0x00000000d5580000, 0x00000000d5b80000, 0x0000000100000000)
  eden space 4096K, 100% used [0x00000000d5580000,0x00000000d5980000,0x00000000d5980000)
  from space 512K, 37% used [0x00000000d5b00000,0x00000000d5b30000,0x00000000d5b80000)
  to   space 512K, 0% used [0x00000000d5980000,0x00000000d5980000,0x00000000d5a00000)
 ParOldGen       total 429568K, used 429090K [0x0000000080000000, 0x000000009a380000, 0x00000000d5580000)
  object space 429568K, 99% used [0x0000000080000000,0x000000009a308a88,0x000000009a380000)
 Metaspace       used 70077K, committed 71680K, reserved 1114112K
  class space    used 7292K, committed 8000K, reserved 1048576K
}
Event: 605.685 GC heap after
{Heap after GC invocations=544 (full 3):
 PSYoungGen      total 4608K, used 256K [0x00000000d5580000, 0x00000000d5b80000, 0x0000000100000000)
  eden space 4096K, 0% used [0x00000000d5580000,0x00000000d5580000,0x00000000d5980000)
  from space 512K, 50% used [0x00000000d5980000,0x00000000d59c0000,0x00000000d5a00000)
  to   space 512K, 0% used [0x00000000d5b00000,0x00000000d5b00000,0x00000000d5b80000)
 ParOldGen       total 429568K, used 429218K [0x0000000080000000, 0x000000009a380000, 0x00000000d5580000)
  object space 429568K, 99% used [0x0000000080000000,0x000000009a328a88,0x000000009a380000)
 Metaspace       used 70077K, committed 71680K, reserved 1114112K
  class space    used 7292K, committed 8000K, reserved 1048576K
}
Event: 605.707 GC heap before
{Heap before GC invocations=545 (full 3):
 PSYoungGen      total 4608K, used 4352K [0x00000000d5580000, 0x00000000d5b80000, 0x0000000100000000)
  eden space 4096K, 100% used [0x00000000d5580000,0x00000000d5980000,0x00000000d5980000)
  from space 512K, 50% used [0x00000000d5980000,0x00000000d59c0000,0x00000000d5a00000)
  to   space 512K, 0% used [0x00000000d5b00000,0x00000000d5b00000,0x00000000d5b80000)
 ParOldGen       total 429568K, used 429218K [0x0000000080000000, 0x000000009a380000, 0x00000000d5580000)
  object space 429568K, 99% used [0x0000000080000000,0x000000009a328a88,0x000000009a380000)
 Metaspace       used 70077K, committed 71680K, reserved 1114112K
  class space    used 7292K, committed 8000K, reserved 1048576K
}
Event: 605.709 GC heap after
{Heap after GC invocations=545 (full 3):
 PSYoungGen      total 4608K, used 204K [0x00000000d5580000, 0x00000000d5b80000, 0x0000000100000000)
  eden space 4096K, 0% used [0x00000000d5580000,0x00000000d5580000,0x00000000d5980000)
  from space 512K, 39% used [0x00000000d5b00000,0x00000000d5b33138,0x00000000d5b80000)
  to   space 512K, 0% used [0x00000000d5980000,0x00000000d5980000,0x00000000d5a00000)
 ParOldGen       total 429568K, used 429394K [0x0000000080000000, 0x000000009a380000, 0x00000000d5580000)
  object space 429568K, 99% used [0x0000000080000000,0x000000009a354a88,0x000000009a380000)
 Metaspace       used 70077K, committed 71680K, reserved 1114112K
  class space    used 7292K, committed 8000K, reserved 1048576K
}
Event: 605.756 GC heap before
{Heap before GC invocations=546 (full 3):
 PSYoungGen      total 4608K, used 4294K [0x00000000d5580000, 0x00000000d5b80000, 0x0000000100000000)
  eden space 4096K, 99% used [0x00000000d5580000,0x00000000d597e888,0x00000000d5980000)
  from space 512K, 39% used [0x00000000d5b00000,0x00000000d5b33138,0x00000000d5b80000)
  to   space 512K, 0% used [0x00000000d5980000,0x00000000d5980000,0x00000000d5a00000)
 ParOldGen       total 429568K, used 429394K [0x0000000080000000, 0x000000009a380000, 0x00000000d5580000)
  object space 429568K, 99% used [0x0000000080000000,0x000000009a354a88,0x000000009a380000)
 Metaspace       used 70077K, committed 71680K, reserved 1114112K
  class space    used 7292K, committed 8000K, reserved 1048576K
}
Event: 605.757 GC heap after
{Heap after GC invocations=546 (full 3):
 PSYoungGen      total 4608K, used 128K [0x00000000d5580000, 0x00000000d5b80000, 0x0000000100000000)
  eden space 4096K, 0% used [0x00000000d5580000,0x00000000d5580000,0x00000000d5980000)
  from space 512K, 25% used [0x00000000d5980000,0x00000000d59a0000,0x00000000d5a00000)
  to   space 512K, 0% used [0x00000000d5b00000,0x00000000d5b00000,0x00000000d5b80000)
 ParOldGen       total 429568K, used 429418K [0x0000000080000000, 0x000000009a380000, 0x00000000d5580000)
  object space 429568K, 99% used [0x0000000080000000,0x000000009a35aa88,0x000000009a380000)
 Metaspace       used 70077K, committed 71680K, reserved 1114112K
  class space    used 7292K, committed 8000K, reserved 1048576K
}
Event: 606.128 GC heap before
{Heap before GC invocations=547 (full 3):
 PSYoungGen      total 4608K, used 4224K [0x00000000d5580000, 0x00000000d5b80000, 0x0000000100000000)
  eden space 4096K, 100% used [0x00000000d5580000,0x00000000d5980000,0x00000000d5980000)
  from space 512K, 25% used [0x00000000d5980000,0x00000000d59a0000,0x00000000d5a00000)
  to   space 512K, 0% used [0x00000000d5b00000,0x00000000d5b00000,0x00000000d5b80000)
 ParOldGen       total 429568K, used 429418K [0x0000000080000000, 0x000000009a380000, 0x00000000d5580000)
  object space 429568K, 99% used [0x0000000080000000,0x000000009a35aa88,0x000000009a380000)
 Metaspace       used 70079K, committed 71680K, reserved 1114112K
  class space    used 7292K, committed 8000K, reserved 1048576K
}
Event: 606.132 GC heap after
{Heap after GC invocations=547 (full 3):
 PSYoungGen      total 4608K, used 128K [0x00000000d5580000, 0x00000000d5b80000, 0x0000000100000000)
  eden space 4096K, 0% used [0x00000000d5580000,0x00000000d5580000,0x00000000d5980000)
  from space 512K, 25% used [0x00000000d5b00000,0x00000000d5b20000,0x00000000d5b80000)
  to   space 512K, 0% used [0x00000000d5980000,0x00000000d5980000,0x00000000d5a00000)
 ParOldGen       total 429568K, used 429466K [0x0000000080000000, 0x000000009a380000, 0x00000000d5580000)
  object space 429568K, 99% used [0x0000000080000000,0x000000009a366a88,0x000000009a380000)
 Metaspace       used 70079K, committed 71680K, reserved 1114112K
  class space    used 7292K, committed 8000K, reserved 1048576K
}
Event: 606.291 GC heap before
{Heap before GC invocations=548 (full 3):
 PSYoungGen      total 4608K, used 4224K [0x00000000d5580000, 0x00000000d5b80000, 0x0000000100000000)
  eden space 4096K, 100% used [0x00000000d5580000,0x00000000d5980000,0x00000000d5980000)
  from space 512K, 25% used [0x00000000d5b00000,0x00000000d5b20000,0x00000000d5b80000)
  to   space 512K, 0% used [0x00000000d5980000,0x00000000d5980000,0x00000000d5a00000)
 ParOldGen       total 429568K, used 429466K [0x0000000080000000, 0x000000009a380000, 0x00000000d5580000)
  object space 429568K, 99% used [0x0000000080000000,0x000000009a366a88,0x000000009a380000)
 Metaspace       used 70079K, committed 71680K, reserved 1114112K
  class space    used 7292K, committed 8000K, reserved 1048576K
}
Event: 606.293 GC heap after
{Heap after GC invocations=548 (full 3):
 PSYoungGen      total 4608K, used 226K [0x00000000d5580000, 0x00000000d5b80000, 0x0000000100000000)
  eden space 4096K, 0% used [0x00000000d5580000,0x00000000d5580000,0x00000000d5980000)
  from space 512K, 44% used [0x00000000d5980000,0x00000000d59b8a48,0x00000000d5a00000)
  to   space 512K, 0% used [0x00000000d5b00000,0x00000000d5b00000,0x00000000d5b80000)
 ParOldGen       total 429568K, used 429514K [0x0000000080000000, 0x000000009a380000, 0x00000000d5580000)
  object space 429568K, 99% used [0x0000000080000000,0x000000009a372a88,0x000000009a380000)
 Metaspace       used 70079K, committed 71680K, reserved 1114112K
  class space    used 7292K, committed 8000K, reserved 1048576K
}
Event: 606.521 GC heap before
{Heap before GC invocations=549 (full 3):
 PSYoungGen      total 4608K, used 4318K [0x00000000d5580000, 0x00000000d5b80000, 0x0000000100000000)
  eden space 4096K, 99% used [0x00000000d5580000,0x00000000d597ef90,0x00000000d5980000)
  from space 512K, 44% used [0x00000000d5980000,0x00000000d59b8a48,0x00000000d5a00000)
  to   space 512K, 0% used [0x00000000d5b00000,0x00000000d5b00000,0x00000000d5b80000)
 ParOldGen       total 429568K, used 429514K [0x0000000080000000, 0x000000009a380000, 0x00000000d5580000)
  object space 429568K, 99% used [0x0000000080000000,0x000000009a372a88,0x000000009a380000)
 Metaspace       used 70079K, committed 71680K, reserved 1114112K
  class space    used 7292K, committed 8000K, reserved 1048576K
}
Event: 606.523 GC heap after
{Heap after GC invocations=549 (full 3):
 PSYoungGen      total 4608K, used 128K [0x00000000d5580000, 0x00000000d5b80000, 0x0000000100000000)
  eden space 4096K, 0% used [0x00000000d5580000,0x00000000d5580000,0x00000000d5980000)
  from space 512K, 25% used [0x00000000d5b00000,0x00000000d5b20000,0x00000000d5b80000)
  to   space 512K, 0% used [0x00000000d5980000,0x00000000d5980000,0x00000000d5a00000)
 ParOldGen       total 429568K, used 429554K [0x0000000080000000, 0x000000009a380000, 0x00000000d5580000)
  object space 429568K, 99% used [0x0000000080000000,0x000000009a37ca88,0x000000009a380000)
 Metaspace       used 70079K, committed 71680K, reserved 1114112K
  class space    used 7292K, committed 8000K, reserved 1048576K
}
Event: 1289.215 GC heap before
{Heap before GC invocations=550 (full 3):
 PSYoungGen      total 4608K, used 4224K [0x00000000d5580000, 0x00000000d5b80000, 0x0000000100000000)
  eden space 4096K, 100% used [0x00000000d5580000,0x00000000d5980000,0x00000000d5980000)
  from space 512K, 25% used [0x00000000d5b00000,0x00000000d5b20000,0x00000000d5b80000)
  to   space 512K, 0% used [0x00000000d5980000,0x00000000d5980000,0x00000000d5a00000)
 ParOldGen       total 429568K, used 429554K [0x0000000080000000, 0x000000009a380000, 0x00000000d5580000)
  object space 429568K, 99% used [0x0000000080000000,0x000000009a37ca88,0x000000009a380000)
 Metaspace       used 70128K, committed 71744K, reserved 1114112K
  class space    used 7292K, committed 8000K, reserved 1048576K
}
Event: 1289.221 GC heap after
{Heap after GC invocations=550 (full 3):
 PSYoungGen      total 4608K, used 192K [0x00000000d5580000, 0x00000000d5b80000, 0x0000000100000000)
  eden space 4096K, 0% used [0x00000000d5580000,0x00000000d5580000,0x00000000d5980000)
  from space 512K, 37% used [0x00000000d5980000,0x00000000d59b0000,0x00000000d5a00000)
  to   space 512K, 0% used [0x00000000d5b00000,0x00000000d5b00000,0x00000000d5b80000)
 ParOldGen       total 430080K, used 429602K [0x0000000080000000, 0x000000009a400000, 0x00000000d5580000)
  object space 430080K, 99% used [0x0000000080000000,0x000000009a388a88,0x000000009a400000)
 Metaspace       used 70128K, committed 71744K, reserved 1114112K
  class space    used 7292K, committed 8000K, reserved 1048576K
}
Event: 1290.225 GC heap before
{Heap before GC invocations=551 (full 3):
 PSYoungGen      total 4608K, used 3583K [0x00000000d5580000, 0x00000000d5b80000, 0x0000000100000000)
  eden space 4096K, 82% used [0x00000000d5580000,0x00000000d58cfe48,0x00000000d5980000)
  from space 512K, 37% used [0x00000000d5980000,0x00000000d59b0000,0x00000000d5a00000)
  to   space 512K, 0% used [0x00000000d5b00000,0x00000000d5b00000,0x00000000d5b80000)
 ParOldGen       total 430080K, used 429602K [0x0000000080000000, 0x000000009a400000, 0x00000000d5580000)
  object space 430080K, 99% used [0x0000000080000000,0x000000009a388a88,0x000000009a400000)
 Metaspace       used 70132K, committed 71744K, reserved 1114112K
  class space    used 7292K, committed 8000K, reserved 1048576K
}
Event: 1290.230 GC heap after
{Heap after GC invocations=551 (full 3):
 PSYoungGen      total 4608K, used 128K [0x00000000d5580000, 0x00000000d5b80000, 0x0000000100000000)
  eden space 4096K, 0% used [0x00000000d5580000,0x00000000d5580000,0x00000000d5980000)
  from space 512K, 25% used [0x00000000d5b00000,0x00000000d5b20000,0x00000000d5b80000)
  to   space 512K, 0% used [0x00000000d5980000,0x00000000d5980000,0x00000000d5a00000)
 ParOldGen       total 430080K, used 429714K [0x0000000080000000, 0x000000009a400000, 0x00000000d5580000)
  object space 430080K, 99% used [0x0000000080000000,0x000000009a3a4a88,0x000000009a400000)
 Metaspace       used 70132K, committed 71744K, reserved 1114112K
  class space    used 7292K, committed 8000K, reserved 1048576K
}
Event: 1290.541 GC heap before
{Heap before GC invocations=552 (full 3):
 PSYoungGen      total 4608K, used 4189K [0x00000000d5580000, 0x00000000d5b80000, 0x0000000100000000)
  eden space 4096K, 99% used [0x00000000d5580000,0x00000000d5977488,0x00000000d5980000)
  from space 512K, 25% used [0x00000000d5b00000,0x00000000d5b20000,0x00000000d5b80000)
  to   space 512K, 0% used [0x00000000d5980000,0x00000000d5980000,0x00000000d5a00000)
 ParOldGen       total 430080K, used 429714K [0x0000000080000000, 0x000000009a400000, 0x00000000d5580000)
  object space 430080K, 99% used [0x0000000080000000,0x000000009a3a4a88,0x000000009a400000)
 Metaspace       used 70136K, committed 71744K, reserved 1114112K
  class space    used 7292K, committed 8000K, reserved 1048576K
}
Event: 1290.543 GC heap after
{Heap after GC invocations=552 (full 3):
 PSYoungGen      total 4608K, used 128K [0x00000000d5580000, 0x00000000d5b80000, 0x0000000100000000)
  eden space 4096K, 0% used [0x00000000d5580000,0x00000000d5580000,0x00000000d5980000)
  from space 512K, 25% used [0x00000000d5980000,0x00000000d59a0000,0x00000000d5a00000)
  to   space 512K, 0% used [0x00000000d5b00000,0x00000000d5b00000,0x00000000d5b80000)
 ParOldGen       total 430080K, used 429746K [0x0000000080000000, 0x000000009a400000, 0x00000000d5580000)
  object space 430080K, 99% used [0x0000000080000000,0x000000009a3aca88,0x000000009a400000)
 Metaspace       used 70136K, committed 71744K, reserved 1114112K
  class space    used 7292K, committed 8000K, reserved 1048576K
}

Dll operation events (10 events):
Event: 0.022 Loaded shared library c:\Users\Muktadeer\.antigravity\extensions\redhat.java-1.50.0-win32-x64\jre\21.0.9-win32-x86_64\bin\java.dll
Event: 1.003 Loaded shared library c:\Users\Muktadeer\.antigravity\extensions\redhat.java-1.50.0-win32-x64\jre\21.0.9-win32-x86_64\bin\zip.dll
Event: 1.209 Loaded shared library C:\Users\Muktadeer\.antigravity\extensions\redhat.java-1.50.0-win32-x64\jre\21.0.9-win32-x86_64\bin\instrument.dll
Event: 1.293 Loaded shared library C:\Users\Muktadeer\.antigravity\extensions\redhat.java-1.50.0-win32-x64\jre\21.0.9-win32-x86_64\bin\net.dll
Event: 1.302 Loaded shared library C:\Users\Muktadeer\.antigravity\extensions\redhat.java-1.50.0-win32-x64\jre\21.0.9-win32-x86_64\bin\nio.dll
Event: 1.368 Loaded shared library C:\Users\Muktadeer\.antigravity\extensions\redhat.java-1.50.0-win32-x64\jre\21.0.9-win32-x86_64\bin\zip.dll
Event: 1.726 Loaded shared library C:\Users\Muktadeer\.antigravity\extensions\redhat.java-1.50.0-win32-x64\jre\21.0.9-win32-x86_64\bin\jimage.dll
Event: 2.801 Loaded shared library c:\Users\Muktadeer\.antigravity\extensions\redhat.java-1.50.0-win32-x64\jre\21.0.9-win32-x86_64\bin\verify.dll
Event: 25.641 Loaded shared library C:\Users\Muktadeer\AppData\Roaming\Antigravity\User\globalStorage\redhat.java\1.50.0\config_win\org.eclipse.equinox.launcher\org.eclipse.equinox.launcher.win32.win32.x86_64_1.2.1400.v20250801-0854\eclipse_11916.dll
Event: 42.461 Loaded shared library C:\Users\Muktadeer\AppData\Local\Temp\jna--97405378\jna12550703291838122361.dll

Deoptimization events (20 events):
Event: 599.400 Thread 0x000001731a950aa0 DEOPT PACKING pc=0x00000172c2040d03 sp=0x0000005b962fec00
Event: 599.400 Thread 0x000001731a950aa0 DEOPT UNPACKING pc=0x00000172c7b64242 sp=0x0000005b962fe168 mode 0
Event: 599.418 Thread 0x000001731a950aa0 DEOPT PACKING pc=0x00000172c2040d03 sp=0x0000005b962fec00
Event: 599.418 Thread 0x000001731a950aa0 DEOPT UNPACKING pc=0x00000172c7b64242 sp=0x0000005b962fe168 mode 0
Event: 599.551 Thread 0x000001731a950aa0 DEOPT PACKING pc=0x00000172c2040d03 sp=0x0000005b962fec00
Event: 599.551 Thread 0x000001731a950aa0 DEOPT UNPACKING pc=0x00000172c7b64242 sp=0x0000005b962fe168 mode 0
Event: 599.661 Thread 0x000001731a950aa0 DEOPT PACKING pc=0x00000172c2040d03 sp=0x0000005b962fec00
Event: 599.661 Thread 0x000001731a950aa0 DEOPT UNPACKING pc=0x00000172c7b64242 sp=0x0000005b962fe168 mode 0
Event: 599.851 Thread 0x000001731a950aa0 DEOPT PACKING pc=0x00000172c1fe454e sp=0x0000005b962fee00
Event: 599.851 Thread 0x000001731a950aa0 DEOPT UNPACKING pc=0x00000172c7b64242 sp=0x0000005b962fe300 mode 0
Event: 599.851 Thread 0x000001731a950aa0 Uncommon trap: trap_request=0xffffff45 fr.pc=0x00000172c8a759f4 relative=0x0000000000001b54
Event: 599.851 Thread 0x000001731a950aa0 Uncommon trap: reason=unstable_if action=reinterpret pc=0x00000172c8a759f4 method=org.eclipse.jdt.internal.core.index.DiskIndex.writeCategoryTable([CLorg/eclipse/jdt/internal/compiler/util/HashtableOfObject;Ljava/io/OutputStream;)V @ 73 c2
Event: 599.852 Thread 0x000001731a950aa0 DEOPT PACKING pc=0x00000172c8a759f4 sp=0x0000005b962fee40
Event: 599.852 Thread 0x000001731a950aa0 DEOPT UNPACKING pc=0x00000172c7b63aa2 sp=0x0000005b962fee10 mode 2
Event: 599.883 Thread 0x000001731a950aa0 DEOPT PACKING pc=0x00000172c1fe464c sp=0x0000005b962fee00
Event: 599.883 Thread 0x000001731a950aa0 DEOPT UNPACKING pc=0x00000172c7b64242 sp=0x0000005b962fe300 mode 0
Event: 822.428 Thread 0x000001731c0dc310 Uncommon trap: trap_request=0xffffff45 fr.pc=0x00000172c8d9fde8 relative=0x0000000000000408
Event: 822.428 Thread 0x000001731c0dc310 Uncommon trap: reason=unstable_if action=reinterpret pc=0x00000172c8d9fde8 method=org.eclipse.core.internal.events.ResourceComparator.compare(Ljava/lang/Object;Ljava/lang/Object;)I @ 353 c2
Event: 822.428 Thread 0x000001731c0dc310 DEOPT PACKING pc=0x00000172c8d9fde8 sp=0x0000005b95efee80
Event: 822.428 Thread 0x000001731c0dc310 DEOPT UNPACKING pc=0x00000172c7b63aa2 sp=0x0000005b95efee28 mode 2

Classes loaded (20 events):
Event: 449.798 Loading class java/io/ObjectOutputStream$HandleTable
Event: 449.799 Loading class java/io/ObjectOutputStream$HandleTable done
Event: 449.799 Loading class java/io/ObjectOutputStream$ReplaceTable
Event: 449.799 Loading class java/io/ObjectOutputStream$ReplaceTable done
Event: 457.235 Loading class sun/nio/cs/ISO_8859_1$Decoder
Event: 457.235 Loading class sun/nio/cs/ISO_8859_1$Decoder done
Event: 461.566 Loading class java/util/ImmutableCollections$SubList
Event: 461.566 Loading class java/util/ImmutableCollections$SubList done
Event: 461.967 Loading class java/util/stream/Nodes$CollectorTask$OfRef
Event: 461.967 Loading class java/util/stream/Nodes$CollectorTask
Event: 461.968 Loading class java/util/stream/Nodes$CollectorTask done
Event: 461.968 Loading class java/util/stream/Nodes$CollectorTask$OfRef done
Event: 461.971 Loading class java/util/function/LongFunction
Event: 461.971 Loading class java/util/function/LongFunction done
Event: 461.971 Loading class java/util/stream/Nodes$ConcNode
Event: 461.973 Loading class java/util/stream/Nodes$AbstractConcNode
Event: 461.974 Loading class java/util/stream/Nodes$AbstractConcNode done
Event: 461.974 Loading class java/util/stream/Nodes$ConcNode done
Event: 569.913 Loading class java/nio/BufferMismatch
Event: 569.913 Loading class java/nio/BufferMismatch done

Classes unloaded (7 events):
Event: 47.188 Thread 0x00000172bd480770 Unloading class 0x00000172d51a4c00 'java/lang/invoke/LambdaForm$MH+0x00000172d51a4c00'
Event: 47.188 Thread 0x00000172bd480770 Unloading class 0x00000172d51a4800 'java/lang/invoke/LambdaForm$MH+0x00000172d51a4800'
Event: 47.188 Thread 0x00000172bd480770 Unloading class 0x00000172d51a4400 'java/lang/invoke/LambdaForm$MH+0x00000172d51a4400'
Event: 47.188 Thread 0x00000172bd480770 Unloading class 0x00000172d51a4000 'java/lang/invoke/LambdaForm$MH+0x00000172d51a4000'
Event: 47.188 Thread 0x00000172bd480770 Unloading class 0x00000172d51a3c00 'java/lang/invoke/LambdaForm$BMH+0x00000172d51a3c00'
Event: 47.188 Thread 0x00000172bd480770 Unloading class 0x00000172d51a3800 'java/lang/invoke/LambdaForm$DMH+0x00000172d51a3800'
Event: 47.188 Thread 0x00000172bd480770 Unloading class 0x00000172d51a2400 'java/lang/invoke/LambdaForm$DMH+0x00000172d51a2400'

Classes redefined (0 events):
No events

Internal exceptions (20 events):
Event: 571.244 Thread 0x000001731a950aa0 Exception <a 'sun/nio/fs/WindowsException'{0x00000000d588b2e8}> (0x00000000d588b2e8) 
thrown [s\src\hotspot\share\prims\jni.cpp, line 520]
Event: 572.111 Thread 0x000001731a950aa0 Exception <a 'sun/nio/fs/WindowsException'{0x00000000d56d70c0}> (0x00000000d56d70c0) 
thrown [s\src\hotspot\share\prims\jni.cpp, line 520]
Event: 577.933 Thread 0x000001731c0de3e0 Exception <a 'sun/nio/fs/WindowsException'{0x00000000d55f66e0}> (0x00000000d55f66e0) 
thrown [s\src\hotspot\share\prims\jni.cpp, line 520]
Event: 577.933 Thread 0x000001731c0de3e0 Exception <a 'sun/nio/fs/WindowsException'{0x00000000d55f6ee8}> (0x00000000d55f6ee8) 
thrown [s\src\hotspot\share\prims\jni.cpp, line 520]
Event: 577.934 Thread 0x000001731c0de3e0 Exception <a 'sun/nio/fs/WindowsException'{0x00000000d55f7d30}> (0x00000000d55f7d30) 
thrown [s\src\hotspot\share\prims\jni.cpp, line 520]
Event: 577.934 Thread 0x000001731c0de3e0 Exception <a 'sun/nio/fs/WindowsException'{0x00000000d55f8538}> (0x00000000d55f8538) 
thrown [s\src\hotspot\share\prims\jni.cpp, line 520]
Event: 577.936 Thread 0x000001731c0de3e0 Exception <a 'sun/nio/fs/WindowsException'{0x00000000d5820088}> (0x00000000d5820088) 
thrown [s\src\hotspot\share\prims\jni.cpp, line 520]
Event: 577.936 Thread 0x000001731c0de3e0 Exception <a 'sun/nio/fs/WindowsException'{0x00000000d5820890}> (0x00000000d5820890) 
thrown [s\src\hotspot\share\prims\jni.cpp, line 520]
Event: 577.950 Thread 0x000001731c0de3e0 Exception <a 'sun/nio/fs/WindowsException'{0x00000000d5843710}> (0x00000000d5843710) 
thrown [s\src\hotspot\share\prims\jni.cpp, line 520]
Event: 577.950 Thread 0x000001731c0de3e0 Exception <a 'sun/nio/fs/WindowsException'{0x00000000d5843f18}> (0x00000000d5843f18) 
thrown [s\src\hotspot\share\prims\jni.cpp, line 520]
Event: 598.916 Thread 0x000001731a950aa0 Exception <a 'sun/nio/fs/WindowsException'{0x00000000d5667f98}> (0x00000000d5667f98) 
thrown [s\src\hotspot\share\prims\jni.cpp, line 520]
Event: 600.101 Thread 0x000001731a950aa0 Exception <a 'sun/nio/fs/WindowsException'{0x00000000d55e5ba0}> (0x00000000d55e5ba0) 
thrown [s\src\hotspot\share\prims\jni.cpp, line 520]
Event: 605.482 Thread 0x000001731c0de3e0 Exception <a 'sun/nio/fs/WindowsException'{0x00000000d560a7e0}> (0x00000000d560a7e0) 
thrown [s\src\hotspot\share\prims\jni.cpp, line 520]
Event: 605.482 Thread 0x000001731c0de3e0 Exception <a 'sun/nio/fs/WindowsException'{0x00000000d560afe8}> (0x00000000d560afe8) 
thrown [s\src\hotspot\share\prims\jni.cpp, line 520]
Event: 605.483 Thread 0x000001731c0de3e0 Exception <a 'sun/nio/fs/WindowsException'{0x00000000d560be18}> (0x00000000d560be18) 
thrown [s\src\hotspot\share\prims\jni.cpp, line 520]
Event: 605.484 Thread 0x000001731c0de3e0 Exception <a 'sun/nio/fs/WindowsException'{0x00000000d560c620}> (0x00000000d560c620) 
thrown [s\src\hotspot\share\prims\jni.cpp, line 520]
Event: 605.486 Thread 0x000001731c0de3e0 Exception <a 'sun/nio/fs/WindowsException'{0x00000000d560e740}> (0x00000000d560e740) 
thrown [s\src\hotspot\share\prims\jni.cpp, line 520]
Event: 605.486 Thread 0x000001731c0de3e0 Exception <a 'sun/nio/fs/WindowsException'{0x00000000d560ef48}> (0x00000000d560ef48) 
thrown [s\src\hotspot\share\prims\jni.cpp, line 520]
Event: 605.496 Thread 0x000001731c0de3e0 Exception <a 'sun/nio/fs/WindowsException'{0x00000000d597f350}> (0x00000000d597f350) 
thrown [s\src\hotspot\share\prims\jni.cpp, line 520]
Event: 605.497 Thread 0x000001731c0de3e0 Exception <a 'sun/nio/fs/WindowsException'{0x00000000d597fb58}> (0x00000000d597fb58) 
thrown [s\src\hotspot\share\prims\jni.cpp, line 520]

ZGC Phase Switch (0 events):
No events

VM Operations (20 events):
Event: 1024.318 Executing VM operation: RendezvousGCThreads
Event: 1024.318 Executing VM operation: RendezvousGCThreads done
Event: 1145.177 Executing VM operation: HandshakeAllThreads (HandshakeForDeflation)
Event: 1145.177 Executing VM operation: HandshakeAllThreads (HandshakeForDeflation) done
Event: 1145.177 Executing VM operation: RendezvousGCThreads
Event: 1145.177 Executing VM operation: RendezvousGCThreads done
Event: 1244.908 Executing VM operation: Cleanup
Event: 1244.908 Executing VM operation: Cleanup done
Event: 1288.883 Executing VM operation: Cleanup
Event: 1288.883 Executing VM operation: Cleanup done
Event: 1289.215 Executing VM operation: ParallelGCFailedAllocation (Allocation Failure)
Event: 1289.221 Executing VM operation: ParallelGCFailedAllocation (Allocation Failure) done
Event: 1290.225 Executing VM operation: ParallelGCFailedAllocation (Allocation Failure)
Event: 1290.230 Executing VM operation: ParallelGCFailedAllocation (Allocation Failure) done
Event: 1290.541 Executing VM operation: ParallelGCFailedAllocation (Allocation Failure)
Event: 1290.543 Executing VM operation: ParallelGCFailedAllocation (Allocation Failure) done
Event: 1291.549 Executing VM operation: Cleanup
Event: 1291.549 Executing VM operation: Cleanup done
Event: 1292.551 Executing VM operation: Cleanup
Event: 1292.724 Executing VM operation: Cleanup done

Memory protections (0 events):
No events

Nmethod flushes (20 events):
Event: 95.645 Thread 0x00000172bd480770 flushing  nmethod 0x00000172c0f1a910
Event: 95.645 Thread 0x00000172bd480770 flushing  nmethod 0x00000172c0f25510
Event: 95.645 Thread 0x00000172bd480770 flushing  nmethod 0x00000172c0f6d810
Event: 95.645 Thread 0x00000172bd480770 flushing  nmethod 0x00000172c0f6ed10
Event: 95.645 Thread 0x00000172bd480770 flushing  nmethod 0x00000172c0f72710
Event: 95.645 Thread 0x00000172bd480770 flushing  nmethod 0x00000172c0f75d90
Event: 95.645 Thread 0x00000172bd480770 flushing  nmethod 0x00000172c0f78090
Event: 95.645 Thread 0x00000172bd480770 flushing  nmethod 0x00000172c0f7a190
Event: 95.645 Thread 0x00000172bd480770 flushing  nmethod 0x00000172c0f7b810
Event: 95.645 Thread 0x00000172bd480770 flushing  nmethod 0x00000172c0f91310
Event: 95.645 Thread 0x00000172bd480770 flushing  nmethod 0x00000172c0f9f710
Event: 95.645 Thread 0x00000172bd480770 flushing  nmethod 0x00000172c0fabe90
Event: 95.645 Thread 0x00000172bd480770 flushing  nmethod 0x00000172c0fac490
Event: 95.645 Thread 0x00000172bd480770 flushing  nmethod 0x00000172c0fb0210
Event: 95.645 Thread 0x00000172bd480770 flushing  nmethod 0x00000172c0fb1c90
Event: 95.645 Thread 0x00000172bd480770 flushing  nmethod 0x00000172c0fb2010
Event: 95.645 Thread 0x00000172bd480770 flushing  nmethod 0x00000172c0fb7c90
Event: 95.645 Thread 0x00000172bd480770 flushing  nmethod 0x00000172c0fe3a90
Event: 95.645 Thread 0x00000172bd480770 flushing  nmethod 0x00000172c0fe7290
Event: 95.645 Thread 0x00000172bd480770 flushing  nmethod 0x00000172c100ed90

Events (20 events):
Event: 596.514 Thread 0x000001731c0db5f0 Thread exited: 0x000001731c0db5f0
Event: 596.515 Thread 0x000001731c0da240 Thread exited: 0x000001731c0da240
Event: 596.515 Thread 0x000001731c0ddd50 Thread exited: 0x000001731c0ddd50
Event: 596.516 Thread 0x000001731c0dc9a0 Thread exited: 0x000001731c0dc9a0
Event: 598.918 Thread 0x000001731c0d6dc0 Thread added: 0x000001731c0da240
Event: 599.051 Thread 0x00000172bd2d2fb0 Thread added: 0x000001731d2642a0
Event: 602.116 Thread 0x000001731d2642a0 Thread exited: 0x000001731d2642a0
Event: 666.450 Thread 0x000001731c0da240 Thread exited: 0x000001731c0da240
Event: 666.450 Thread 0x000001731c0d6dc0 Thread exited: 0x000001731c0d6dc0
Event: 666.559 Thread 0x000001731c0da8d0 Thread exited: 0x000001731c0da8d0
Event: 666.575 Thread 0x000001731c0de3e0 Thread exited: 0x000001731c0de3e0
Event: 726.588 Thread 0x000001731c0dd030 Thread exited: 0x000001731c0dd030
Event: 786.602 Thread 0x000001731c0dd6c0 Thread exited: 0x000001731c0dd6c0
Event: 822.417 Thread 0x000001731c0dc310 Thread added: 0x000001731c0da240
Event: 822.417 Thread 0x000001731c0da240 Thread exited: 0x000001731c0da240
Event: 822.420 Thread 0x000001731c0dc310 Thread added: 0x000001731c0da240
Event: 822.420 Thread 0x000001731c0da240 Thread exited: 0x000001731c0da240
Event: 822.431 Thread 0x00000172bd35e1c0 Thread added: 0x000001731c3cc690
Event: 822.569 Thread 0x000001731c3cc690 Thread exited: 0x000001731c3cc690
Event: 1293.161 Thread 0x000001731c0d9bb0 Thread added: 0x000001731c0da240


Dynamic libraries:
0x00007ff6e00c0000 - 0x00007ff6e00ce000 	c:\Users\Muktadeer\.antigravity\extensions\redhat.java-1.50.0-win32-x64\jre\21.0.9-win32-x86_64\bin\java.exe
0x00007ff91e120000 - 0x00007ff91e388000 	C:\WINDOWS\SYSTEM32\ntdll.dll
0x00007ff91bec0000 - 0x00007ff91bf89000 	C:\WINDOWS\System32\KERNEL32.DLL
0x00007ff91b760000 - 0x00007ff91bb58000 	C:\WINDOWS\System32\KERNELBASE.dll
0x00007ff91b330000 - 0x00007ff91b47b000 	C:\WINDOWS\System32\ucrtbase.dll
0x00007ff8fb190000 - 0x00007ff8fb1a8000 	c:\Users\Muktadeer\.antigravity\extensions\redhat.java-1.50.0-win32-x64\jre\21.0.9-win32-x86_64\bin\jli.dll
0x00007ff91c050000 - 0x00007ff91c217000 	C:\WINDOWS\System32\USER32.dll
0x00007ff91b270000 - 0x00007ff91b297000 	C:\WINDOWS\System32\win32u.dll
0x00007ff91d610000 - 0x00007ff91d63b000 	C:\WINDOWS\System32\GDI32.dll
0x00007ff91bd90000 - 0x00007ff91bebc000 	C:\WINDOWS\System32\gdi32full.dll
0x00007ff91b530000 - 0x00007ff91b5d3000 	C:\WINDOWS\System32\msvcp_win.dll
0x00007ff8f9650000 - 0x00007ff8f966e000 	c:\Users\Muktadeer\.antigravity\extensions\redhat.java-1.50.0-win32-x64\jre\21.0.9-win32-x86_64\bin\VCRUNTIME140.dll
0x00007ff906120000 - 0x00007ff9063b4000 	C:\WINDOWS\WinSxS\amd64_microsoft.windows.common-controls_6595b64144ccf1df_6.0.26100.7019_none_3e06ffa0e335b8a8\COMCTL32.dll
0x00007ff91d9d0000 - 0x00007ff91da79000 	C:\WINDOWS\System32\msvcrt.dll
0x00007ff91bf90000 - 0x00007ff91bfc1000 	C:\WINDOWS\System32\IMM32.DLL
0x00007ff90f0d0000 - 0x00007ff90f0dc000 	c:\Users\Muktadeer\.antigravity\extensions\redhat.java-1.50.0-win32-x64\jre\21.0.9-win32-x86_64\bin\vcruntime140_1.dll
0x00007ff8e6790000 - 0x00007ff8e681d000 	c:\Users\Muktadeer\.antigravity\extensions\redhat.java-1.50.0-win32-x64\jre\21.0.9-win32-x86_64\bin\msvcp140.dll
0x00007ff8a06c0000 - 0x00007ff8a1460000 	c:\Users\Muktadeer\.antigravity\extensions\redhat.java-1.50.0-win32-x64\jre\21.0.9-win32-x86_64\bin\server\jvm.dll
0x00007ff91dbf0000 - 0x00007ff91dca4000 	C:\WINDOWS\System32\ADVAPI32.dll
0x00007ff91dcb0000 - 0x00007ff91dd56000 	C:\WINDOWS\System32\sechost.dll
0x00007ff91d3d0000 - 0x00007ff91d4e8000 	C:\WINDOWS\System32\RPCRT4.dll
0x00007ff91df40000 - 0x00007ff91dfb4000 	C:\WINDOWS\System32\WS2_32.dll
0x00007ff91b0d0000 - 0x00007ff91b12e000 	C:\WINDOWS\SYSTEM32\POWRPROF.dll
0x00007ff905130000 - 0x00007ff905165000 	C:\WINDOWS\SYSTEM32\WINMM.dll
0x00007ff90fbf0000 - 0x00007ff90fbfb000 	C:\WINDOWS\SYSTEM32\VERSION.dll
0x00007ff91b0b0000 - 0x00007ff91b0c4000 	C:\WINDOWS\SYSTEM32\UMPDC.dll
0x00007ff919ff0000 - 0x00007ff91a00b000 	C:\WINDOWS\SYSTEM32\kernel.appcore.dll
0x00007ff90cb10000 - 0x00007ff90cb1a000 	c:\Users\Muktadeer\.antigravity\extensions\redhat.java-1.50.0-win32-x64\jre\21.0.9-win32-x86_64\bin\jimage.dll
0x00007ff918b50000 - 0x00007ff918d92000 	C:\WINDOWS\SYSTEM32\DBGHELP.DLL
0x00007ff91d640000 - 0x00007ff91d9cb000 	C:\WINDOWS\System32\combase.dll
0x00007ff91d500000 - 0x00007ff91d5d7000 	C:\WINDOWS\System32\OLEAUT32.dll
0x00007ff905ea0000 - 0x00007ff905edc000 	C:\WINDOWS\SYSTEM32\dbgcore.DLL
0x00007ff91b480000 - 0x00007ff91b525000 	C:\WINDOWS\System32\bcryptPrimitives.dll
0x00007ff90c9c0000 - 0x00007ff90c9cf000 	c:\Users\Muktadeer\.antigravity\extensions\redhat.java-1.50.0-win32-x64\jre\21.0.9-win32-x86_64\bin\instrument.dll
0x00007ff9054f0000 - 0x00007ff905510000 	c:\Users\Muktadeer\.antigravity\extensions\redhat.java-1.50.0-win32-x64\jre\21.0.9-win32-x86_64\bin\java.dll
0x00007ff91c8c0000 - 0x00007ff91d00f000 	C:\WINDOWS\System32\SHELL32.dll
0x00007ff91bc20000 - 0x00007ff91bd8b000 	C:\WINDOWS\System32\wintypes.dll
0x00007ff918da0000 - 0x00007ff9195fd000 	C:\WINDOWS\SYSTEM32\windows.storage.dll
0x00007ff91dfe0000 - 0x00007ff91e0d2000 	C:\WINDOWS\System32\SHCORE.dll
0x00007ff91c3b0000 - 0x00007ff91c417000 	C:\WINDOWS\System32\shlwapi.dll
0x00007ff91b190000 - 0x00007ff91b1b9000 	C:\WINDOWS\SYSTEM32\profapi.dll
0x00007ff905510000 - 0x00007ff905528000 	c:\Users\Muktadeer\.antigravity\extensions\redhat.java-1.50.0-win32-x64\jre\21.0.9-win32-x86_64\bin\zip.dll
0x00007ff90dfe0000 - 0x00007ff90dff0000 	C:\Users\Muktadeer\.antigravity\extensions\redhat.java-1.50.0-win32-x64\jre\21.0.9-win32-x86_64\bin\net.dll
0x00007ff90eb30000 - 0x00007ff90ec58000 	C:\WINDOWS\SYSTEM32\WINHTTP.dll
0x00007ff91a540000 - 0x00007ff91a5ab000 	C:\WINDOWS\system32\mswsock.dll
0x00007ff900ed0000 - 0x00007ff900ee6000 	C:\Users\Muktadeer\.antigravity\extensions\redhat.java-1.50.0-win32-x64\jre\21.0.9-win32-x86_64\bin\nio.dll
0x00007ff90dfd0000 - 0x00007ff90dfe0000 	c:\Users\Muktadeer\.antigravity\extensions\redhat.java-1.50.0-win32-x64\jre\21.0.9-win32-x86_64\bin\verify.dll
0x00007ff8e05b0000 - 0x00007ff8e05f4000 	C:\Users\Muktadeer\AppData\Roaming\Antigravity\User\globalStorage\redhat.java\1.50.0\config_win\org.eclipse.equinox.launcher\org.eclipse.equinox.launcher.win32.win32.x86_64_1.2.1400.v20250801-0854\eclipse_11916.dll
0x00007ff91d230000 - 0x00007ff91d3c7000 	C:\WINDOWS\System32\ole32.dll
0x00007ff91a930000 - 0x00007ff91a94b000 	C:\WINDOWS\SYSTEM32\CRYPTSP.dll
0x00007ff919f50000 - 0x00007ff919f8a000 	C:\WINDOWS\system32\rsaenh.dll
0x00007ff91a5f0000 - 0x00007ff91a61b000 	C:\WINDOWS\SYSTEM32\USERENV.dll
0x00007ff91b160000 - 0x00007ff91b18a000 	C:\WINDOWS\SYSTEM32\bcrypt.dll
0x00007ff91a790000 - 0x00007ff91a79c000 	C:\WINDOWS\SYSTEM32\CRYPTBASE.dll
0x00007ff9199e0000 - 0x00007ff919a14000 	C:\WINDOWS\SYSTEM32\IPHLPAPI.DLL
0x00007ff91c420000 - 0x00007ff91c42a000 	C:\WINDOWS\System32\NSI.dll
0x00007ff8ddd90000 - 0x00007ff8dddd9000 	C:\Users\Muktadeer\AppData\Local\Temp\jna--97405378\jna12550703291838122361.dll
0x00007ff91d4f0000 - 0x00007ff91d4f8000 	C:\WINDOWS\System32\PSAPI.DLL
0x00007ff90ece0000 - 0x00007ff90ecfe000 	C:\WINDOWS\SYSTEM32\dhcpcsvc6.DLL
0x00007ff90d100000 - 0x00007ff90d123000 	C:\WINDOWS\SYSTEM32\dhcpcsvc.DLL

JVMTI agents:
c:\Users\Muktadeer\.antigravity\extensions\redhat.java-1.50.0-win32-x64\lombok\lombok-1.18.39-4050.jar path:c:\Users\Muktadeer\.antigravity\extensions\redhat.java-1.50.0-win32-x64\jre\21.0.9-win32-x86_64\bin\instrument.dll, loaded, initialized, instrumentlib options:none

dbghelp: loaded successfully - version: 4.0.5 - missing functions: none
symbol engine: initialized successfully - sym options: 0x614 - pdb path: .;c:\Users\Muktadeer\.antigravity\extensions\redhat.java-1.50.0-win32-x64\jre\21.0.9-win32-x86_64\bin;C:\WINDOWS\SYSTEM32;C:\WINDOWS\WinSxS\amd64_microsoft.windows.common-controls_6595b64144ccf1df_6.0.26100.7019_none_3e06ffa0e335b8a8;c:\Users\Muktadeer\.antigravity\extensions\redhat.java-1.50.0-win32-x64\jre\21.0.9-win32-x86_64\bin\server;C:\Users\Muktadeer\AppData\Roaming\Antigravity\User\globalStorage\redhat.java\1.50.0\config_win\org.eclipse.equinox.launcher\org.eclipse.equinox.launcher.win32.win32.x86_64_1.2.1400.v20250801-0854;C:\Users\Muktadeer\AppData\Local\Temp\jna--97405378

VM Arguments:
jvm_args: --add-modules=ALL-SYSTEM --add-opens=java.base/java.util=ALL-UNNAMED --add-opens=java.base/java.lang=ALL-UNNAMED --add-opens=java.base/sun.nio.fs=ALL-UNNAMED -Declipse.application=org.eclipse.jdt.ls.core.id1 -Dosgi.bundles.defaultStartLevel=4 -Declipse.product=org.eclipse.jdt.ls.core.product -Djava.import.generatesMetadataFilesAtProjectRoot=false -DDetectVMInstallationsJob.disabled=true -Dfile.encoding=utf8 -XX:+UseParallelGC -XX:GCTimeRatio=4 -XX:AdaptiveSizePolicyWeight=90 -Dsun.zip.disableMemoryMapping=true -Xmx2G -Xms100m -Xlog:disable -javaagent:c:\Users\Muktadeer\.antigravity\extensions\redhat.java-1.50.0-win32-x64\lombok\lombok-1.18.39-4050.jar -XX:+HeapDumpOnOutOfMemoryError -XX:HeapDumpPath=c:\Users\Muktadeer\AppData\Roaming\Antigravity\User\workspaceStorage\ac9834489cf5500c5e8e40b24c0bf61a\redhat.java -Daether.dependencyCollector.impl=bf 
java_command: c:\Users\Muktadeer\.antigravity\extensions\redhat.java-1.50.0-win32-x64\server\plugins\org.eclipse.equinox.launcher_1.7.100.v20251111-0406.jar -configuration c:\Users\Muktadeer\AppData\Roaming\Antigravity\User\globalStorage\redhat.java\1.50.0\config_win -data c:\Users\Muktadeer\AppData\Roaming\Antigravity\User\workspaceStorage\ac9834489cf5500c5e8e40b24c0bf61a\redhat.java\jdt_ws --pipe=\\.\pipe\lsp-a209b1bc880d06da429a7907fcf0c62c-sock
java_class_path (initial): c:\Users\Muktadeer\.antigravity\extensions\redhat.java-1.50.0-win32-x64\server\plugins\org.eclipse.equinox.launcher_1.7.100.v20251111-0406.jar
Launcher Type: SUN_STANDARD

[Global flags]
    uintx AdaptiveSizePolicyWeight                 = 90                                        {product} {command line}
     intx CICompilerCount                          = 3                                         {product} {ergonomic}
    uintx GCTimeRatio                              = 4                                         {product} {command line}
     bool HeapDumpOnOutOfMemoryError               = true                                   {manageable} {command line}
    ccstr HeapDumpPath                             = c:\Users\Muktadeer\AppData\Roaming\Antigravity\User\workspaceStorage\ac9834489cf5500c5e8e40b24c0bf61a\redhat.java         {manageable} {command line}
   size_t InitialHeapSize                          = 104857600                                 {product} {command line}
   size_t MaxHeapSize                              = 2147483648                                {product} {command line}
   size_t MaxNewSize                               = 715653120                                 {product} {ergonomic}
   size_t MinHeapDeltaBytes                        = 524288                                    {product} {ergonomic}
   size_t MinHeapSize                              = 104857600                                 {product} {command line}
   size_t NewSize                                  = 34603008                                  {product} {ergonomic}
    uintx NonNMethodCodeHeapSize                   = 5832780                                {pd product} {ergonomic}
    uintx NonProfiledCodeHeapSize                  = 122912730                              {pd product} {ergonomic}
   size_t OldSize                                  = 70254592                                  {product} {ergonomic}
    uintx ProfiledCodeHeapSize                     = 122912730                              {pd product} {ergonomic}
    uintx ReservedCodeCacheSize                    = 251658240                              {pd product} {ergonomic}
     bool SegmentedCodeCache                       = true                                      {product} {ergonomic}
   size_t SoftMaxHeapSize                          = 2147483648                             {manageable} {ergonomic}
     bool UseCompressedOops                        = true                           {product lp64_product} {ergonomic}
     bool UseLargePagesIndividualAllocation        = false                                  {pd product} {ergonomic}
     bool UseParallelGC                            = true                                      {product} {command line}

Logging:
Log output configuration:
 #0: stdout all=off uptime,level,tags foldmultilines=false
 #1: stderr all=off uptime,level,tags foldmultilines=false

Release file:
JAVA_VERSION="21.0.9" 
MODULES="java.base java.compiler java.datatransfer java.xml java.prefs java.desktop java.instrument java.logging java.management java.security.sasl java.naming java.rmi java.management.rmi java.net.http java.scripting java.security.jgss java.transaction.xa java.sql java.sql.rowset java.xml.crypto java.se java.smartcardio jdk.accessibility jdk.internal.jvmstat jdk.attach jdk.charsets jdk.internal.opt jdk.zipfs jdk.compiler jdk.crypto.ec jdk.crypto.cryptoki jdk.crypto.mscapi jdk.dynalink jdk.internal.ed jdk.editpad jdk.hotspot.agent jdk.httpserver jdk.internal.le jdk.internal.vm.ci jdk.internal.vm.compiler jdk.internal.vm.compiler.management jdk.jartool jdk.javadoc jdk.jcmd jdk.management jdk.management.agent jdk.jconsole jdk.jdeps jdk.jdwp.agent jdk.jdi jdk.jfr jdk.jshell jdk.jsobject jdk.jstatd jdk.localedata jdk.management.jfr jdk.naming.dns jdk.naming.rmi jdk.net jdk.nio.mapmode jdk.random jdk.sctp jdk.security.auth jdk.security.jgss jdk.unsupported jdk.unsupported.desktop jdk.xml.dom" 

Environment Variables:
JAVA_HOME=D:\ad_sdk\jdk-21.0.6
PATH=D:\Programs\curl-8.15.0_4-win64-mingw\bin;C:\WINDOWS\system32;C:\WINDOWS;C:\WINDOWS\System32\Wbem;C:\WINDOWS\System32\WindowsPowerShell\v1.0\;C:\WINDOWS\System32\OpenSSH\;D:\vsCode\VSCode-win32-x64-1.82.1\bin;D:\ad_sdk\jdk-21.0.6\bin;C:\Program Files\Git\cmd;C:\Users\Muktadeer\AppData\Local\nvm;C:\nvm4w\nodejs;D:\ad_sdk\apache-maven-3.9.9\bin;C:\Program Files (x86)\Microsoft SQL Server\150\DTS\Binn\;C:\Program Files\Azure Data Studio\bin;D:\Programs\Toad\instantclient_23_8;C:\Program Files (x86)\Microsoft SQL Server\160\Tools\Binn\;C:\Program Files\Microsoft SQL Server\160\Tools\Binn\;C:\Program Files\Microsoft SQL Server\Client SDK\ODBC\170\Tools\Binn\;C:\Program Files\Microsoft SQL Server\160\DTS\Binn\;D:\idea\IntelliJ IDEA 2024.1\bin;D:\ad_sdk\flutter\bin;D:\ad_sdk\dart-sdk\bin;D:\ad_sdk\android\emulator;D:\ad_sdk\android\platform-tools;D:\ad_sdk\android\sdk\cmdline-tools\latest\bin;C:\Program Files\starship\bin\;C:\Program Files\dotnet\;C:\Program Files\PowerShell\7\;D:\Programs\python\Scripts\;D:\Programs\python\;C:\Users\Muktadeer\AppData\Local\Programs\Python\Launcher\;C:\Users\Muktadeer\AppData\Local\Microsoft\WindowsApps;C:\Users\Muktadeer\AppData\Local\nvm;C:\nvm4w\nodejs;C:\Program Files\Azure Data Studio\bin;D:\All Software\inteleji\IntelliJ IDEA 2025.1.2\bin;;D:\vsCode\Antigravity\bin
USERNAME=Muktadeer
OS=Windows_NT
PROCESSOR_IDENTIFIER=Intel64 Family 6 Model 142 Stepping 9, GenuineIntel
TMP=C:\Users\MUKTAD~1\AppData\Local\Temp
TEMP=C:\Users\MUKTAD~1\AppData\Local\Temp




Periodic native trim disabled

---------------  S Y S T E M  ---------------

OS:
 Windows 11 , 64 bit Build 26100 (10.0.26100.7019)
OS uptime: 17 days 14:02 hours
Hyper-V role detected

CPU: total 4 (initial active 4) (2 cores per cpu, 2 threads per core) family 6 model 142 stepping 9 microcode 0xf6, cx8, cmov, fxsr, ht, mmx, 3dnowpref, sse, sse2, sse3, ssse3, sse4.1, sse4.2, popcnt, lzcnt, tsc, tscinvbit, avx, avx2, aes, erms, clmul, bmi1, bmi2, rtm, adx, fma, vzeroupper, clflush, clflushopt, hv, rdtscp, f16c
Processor Information for the first 4 processors :
  Max Mhz: 2712, Current Mhz: 2611, Mhz Limit: 2603

Memory: 4k page, system-wide physical 16264M (1368M free)
TotalPageFile size 29132M (AvailPageFile size 0M)
current process WorkingSet (physical memory assigned to process): 546M, peak: 673M
current process commit charge ("private bytes"): 731M, peak: 732M

vm_info: OpenJDK 64-Bit Server VM (21.0.9+10-LTS) for windows-amd64 JRE (21.0.9+10-LTS), built on 2025-10-21T00:00:00Z by "admin" with unknown MS VC++:1942

END.
