#
# There is insufficient memory for the Java Runtime Environment to continue.
# Native memory allocation (malloc) failed to allocate 1048576 bytes. Error detail: AllocateHeap
# Possible reasons:
#   The system is out of physical RAM or swap space
#   This process is running with CompressedOops enabled, and the Java Heap may be blocking the growth of the native heap
# Possible solutions:
#   Reduce memory load on the system
#   Increase physical memory or swap space
#   Check if swap backing store is full
#   Decrease Java heap size (-Xmx/-Xms)
#   Decrease number of Java threads
#   Decrease Java thread stack sizes (-Xss)
#   Set larger code cache with -XX:ReservedCodeCacheSize=
#   JVM is running with Unscaled Compressed Oops mode in which the Java heap is
#     placed in the first 4GB address space. The Java Heap base address is the
#     maximum limit for the native heap growth. Please use -XX:HeapBaseMinAddress
#     to set the Java Heap base and to place the Java Heap above 4GB virtual address.
# This output file may be truncated or incomplete.
#
#  Out of Memory Error (allocation.cpp:44), pid=14792, tid=27624
#
# JRE version: OpenJDK Runtime Environment Temurin-21.0.8+9 (21.0.8+9) (build 21.0.8+9-LTS)
# Java VM: OpenJDK 64-Bit Server VM Temurin-21.0.8+9 (21.0.8+9-LTS, mixed mode, sharing, tiered, compressed oops, compressed class ptrs, parallel gc, windows-amd64)
# No core dump will be written. Minidumps are not enabled by default on client versions of Windows
#

---------------  S U M M A R Y ------------

Command Line: --add-modules=ALL-SYSTEM --add-opens=java.base/java.util=ALL-UNNAMED --add-opens=java.base/java.lang=ALL-UNNAMED --add-opens=java.base/sun.nio.fs=ALL-UNNAMED -Declipse.application=org.eclipse.jdt.ls.core.id1 -Dosgi.bundles.defaultStartLevel=4 -Declipse.product=org.eclipse.jdt.ls.core.product -Djava.import.generatesMetadataFilesAtProjectRoot=false -DDetectVMInstallationsJob.disabled=true -Dfile.encoding=utf8 -XX:+UseParallelGC -XX:GCTimeRatio=4 -XX:AdaptiveSizePolicyWeight=90 -Dsun.zip.disableMemoryMapping=true -Xmx2G -Xms100m -Xlog:disable -javaagent:c:\Users\Muktadeer\.vscode\extensions\redhat.java-1.46.0-win32-x64\lombok\lombok-1.18.39-4050.jar -XX:+HeapDumpOnOutOfMemoryError -XX:HeapDumpPath=c:\Users\Muktadeer\AppData\Roaming\Code\User\workspaceStorage\1f6a51f851bf58b315156db36ba98b62\redhat.java -Daether.dependencyCollector.impl=bf c:\Users\Muktadeer\.vscode\extensions\redhat.java-1.46.0-win32-x64\server\plugins\org.eclipse.equinox.launcher_1.7.0.v20250519-0528.jar -configuration c:\Users\Muktadeer\AppData\Roaming\Code\User\globalStorage\redhat.java\1.46.0\config_win -data c:\Users\Muktadeer\AppData\Roaming\Code\User\workspaceStorage\1f6a51f851bf58b315156db36ba98b62\redhat.java\jdt_ws --pipe=\\.\pipe\lsp-3b475945093c9e64e7b6af7b3cb64e95-sock

Host: Intel(R) Core(TM) i5-7300U CPU @ 2.60GHz, 4 cores, 15G,  Windows 11 , 64 bit Build 26100 (10.0.26100.6725)
Time: Mon Nov  3 11:57:47 2025 Bangladesh Standard Time elapsed time: 523654.092491 seconds (6d 1h 27m 34s)

---------------  T H R E A D  ---------------

Current thread (0x0000029ed2e32fd0):  JavaThread "Attach Listener" daemon [_thread_in_vm, id=27624, stack(0x000000e00b200000,0x000000e00b300000) (1024K)]

Stack: [0x000000e00b200000,0x000000e00b300000]
Native frames: (J=compiled Java code, j=interpreted, Vv=VM code, C=native code)
V  [jvm.dll+0x6d2449]
V  [jvm.dll+0x8ae341]
V  [jvm.dll+0x8b08be]
V  [jvm.dll+0x8b0fa3]
V  [jvm.dll+0x280c96]
V  [jvm.dll+0xc0347]
V  [jvm.dll+0x6d2cf9]
V  [jvm.dll+0x131116]
V  [jvm.dll+0x3f2d16]
V  [jvm.dll+0x857e6b]
V  [jvm.dll+0x6d0b0d]
C  [ucrtbase.dll+0x37b0]
C  [KERNEL32.DLL+0x2e8d7]
C  [ntdll.dll+0x8c53c]


---------------  P R O C E S S  ---------------

Threads class SMR info:
_java_thread_list=0x0000029ef18423b0, length=31, elements={
0x0000029ed2f3cff0, 0x0000029ed2ffae10, 0x0000029ed2ffd340, 0x0000029ed2e30fa0,
0x0000029ed2e32fd0, 0x0000029ed2e33730, 0x0000029ed2e36590, 0x0000029ed2e373c0,
0x0000029ed2e65040, 0x0000029eea4c4ff0, 0x0000029eea71ea80, 0x0000029eef78a070,
0x0000029eef5a0d90, 0x0000029eef108870, 0x0000029eea597ab0, 0x0000029eefa57410,
0x0000029eefa14cf0, 0x0000029eef5f8680, 0x0000029eef36b1d0, 0x0000029ef04dbc40,
0x0000029ef04da890, 0x0000029ef04dc2d0, 0x0000029ef04db5b0, 0x0000029ef01a8e50,
0x0000029ef01a87c0, 0x0000029ef01ab5b0, 0x0000029ef01a94e0, 0x0000029ef01a9b70,
0x0000029ef01a8130, 0x0000029ef04daf20, 0x0000029ef01aa890
}

Java Threads: ( => current thread )
  0x0000029ed2f3cff0 JavaThread "main"                              [_thread_blocked, id=14592, stack(0x000000e00ab00000,0x000000e00ac00000) (1024K)]
  0x0000029ed2ffae10 JavaThread "Reference Handler"          daemon [_thread_blocked, id=11436, stack(0x000000e00af00000,0x000000e00b000000) (1024K)]
  0x0000029ed2ffd340 JavaThread "Finalizer"                  daemon [_thread_blocked, id=15852, stack(0x000000e00b000000,0x000000e00b100000) (1024K)]
  0x0000029ed2e30fa0 JavaThread "Signal Dispatcher"          daemon [_thread_blocked, id=25928, stack(0x000000e00b100000,0x000000e00b200000) (1024K)]
=>0x0000029ed2e32fd0 JavaThread "Attach Listener"            daemon [_thread_in_vm, id=27624, stack(0x000000e00b200000,0x000000e00b300000) (1024K)]
  0x0000029ed2e33730 JavaThread "Service Thread"             daemon [_thread_blocked, id=22464, stack(0x000000e00b300000,0x000000e00b400000) (1024K)]
  0x0000029ed2e36590 JavaThread "Monitor Deflation Thread"   daemon [_thread_blocked, id=27060, stack(0x000000e00b400000,0x000000e00b500000) (1024K)]
  0x0000029ed2e373c0 JavaThread "C2 CompilerThread0"         daemon [_thread_blocked, id=12036, stack(0x000000e00b500000,0x000000e00b600000) (1024K)]
  0x0000029ed2e65040 JavaThread "C1 CompilerThread0"         daemon [_thread_blocked, id=21752, stack(0x000000e00b600000,0x000000e00b700000) (1024K)]
  0x0000029eea4c4ff0 JavaThread "Common-Cleaner"             daemon [_thread_blocked, id=14508, stack(0x000000e00b700000,0x000000e00b800000) (1024K)]
  0x0000029eea71ea80 JavaThread "Notification Thread"        daemon [_thread_blocked, id=28036, stack(0x000000e00b800000,0x000000e00b900000) (1024K)]
  0x0000029eef78a070 JavaThread "Active Thread: Equinox Container: 77c90e41-bc5f-4561-a683-114305b544cc"        [_thread_blocked, id=29572, stack(0x000000e00b900000,0x000000e00ba00000) (1024K)]
  0x0000029eef5a0d90 JavaThread "Refresh Thread: Equinox Container: 77c90e41-bc5f-4561-a683-114305b544cc" daemon [_thread_blocked, id=17272, stack(0x000000e00bd00000,0x000000e00be00000) (1024K)]
  0x0000029eef108870 JavaThread "Framework Event Dispatcher: Equinox Container: 77c90e41-bc5f-4561-a683-114305b544cc" daemon [_thread_blocked, id=19040, stack(0x000000e00be00000,0x000000e00bf00000) (1024K)]
  0x0000029eea597ab0 JavaThread "Start Level: Equinox Container: 77c90e41-bc5f-4561-a683-114305b544cc" daemon [_thread_blocked, id=13684, stack(0x000000e00bf00000,0x000000e00c000000) (1024K)]
  0x0000029eefa57410 JavaThread "Bundle File Closer"         daemon [_thread_blocked, id=28752, stack(0x000000e00c000000,0x000000e00c100000) (1024K)]
  0x0000029eefa14cf0 JavaThread "SCR Component Actor"        daemon [_thread_blocked, id=21964, stack(0x000000e00a900000,0x000000e00aa00000) (1024K)]
  0x0000029eef5f8680 JavaThread "Worker-JM"                         [_thread_blocked, id=26244, stack(0x000000e00c200000,0x000000e00c300000) (1024K)]
  0x0000029eef36b1d0 JavaThread "JNA Cleaner"                daemon [_thread_blocked, id=15320, stack(0x000000e00c100000,0x000000e00c200000) (1024K)]
  0x0000029ef04dbc40 JavaThread "Java indexing"              daemon [_thread_blocked, id=11296, stack(0x000000e00c800000,0x000000e00c900000) (1024K)]
  0x0000029ef04da890 JavaThread "Worker-4"                          [_thread_blocked, id=19932, stack(0x000000e00cb00000,0x000000e00cc00000) (1024K)]
  0x0000029ef04dc2d0 JavaThread "Thread-1"                   daemon [_thread_in_native, id=18888, stack(0x000000e00cd00000,0x000000e00ce00000) (1024K)]
  0x0000029ef04db5b0 JavaThread "Thread-2"                   daemon [_thread_in_native, id=6260, stack(0x000000e00ce00000,0x000000e00cf00000) (1024K)]
  0x0000029ef01a8e50 JavaThread "Thread-3"                   daemon [_thread_in_native, id=12980, stack(0x000000e00cf00000,0x000000e00d000000) (1024K)]
  0x0000029ef01a87c0 JavaThread "Thread-4"                   daemon [_thread_in_native, id=10496, stack(0x000000e00d000000,0x000000e00d100000) (1024K)]
  0x0000029ef01ab5b0 JavaThread "Thread-5"                   daemon [_thread_in_native, id=19096, stack(0x000000e00d100000,0x000000e00d200000) (1024K)]
  0x0000029ef01a94e0 JavaThread "pool-2-thread-1"                   [_thread_blocked, id=28088, stack(0x000000e00d200000,0x000000e00d300000) (1024K)]
  0x0000029ef01a9b70 JavaThread "WorkspaceEventsHandler"            [_thread_blocked, id=22024, stack(0x000000e00d300000,0x000000e00d400000) (1024K)]
  0x0000029ef01a8130 JavaThread "pool-1-thread-1"                   [_thread_blocked, id=26484, stack(0x000000e00d400000,0x000000e00d500000) (1024K)]
  0x0000029ef04daf20 JavaThread "Cleaner-0"                  daemon [_thread_blocked, id=11324, stack(0x000000e00c600000,0x000000e00c700000) (1024K)]
  0x0000029ef01aa890 JavaThread "Worker-11"                         [_thread_blocked, id=15076, stack(0x000000e00a800000,0x000000e00a900000) (1024K)]
Total: 31

Other Threads:
  0x0000029ed2fe0ae0 VMThread "VM Thread"                           [id=29240, stack(0x000000e00ae00000,0x000000e00af00000) (1024K)]
  0x0000029ed2dcca00 WatcherThread "VM Periodic Task Thread"        [id=18364, stack(0x000000e00ad00000,0x000000e00ae00000) (1024K)]
  0x0000029ed2f5b1f0 WorkerThread "GC Thread#0"                     [id=25980, stack(0x000000e00ac00000,0x000000e00ad00000) (1024K)]
  0x0000029eef696a60 WorkerThread "GC Thread#1"                     [id=12348, stack(0x000000e00ba00000,0x000000e00bb00000) (1024K)]
  0x0000029eef864000 WorkerThread "GC Thread#2"                     [id=9912, stack(0x000000e00bb00000,0x000000e00bc00000) (1024K)]
  0x0000029eef8643a0 WorkerThread "GC Thread#3"                     [id=4028, stack(0x000000e00bc00000,0x000000e00bd00000) (1024K)]
Total: 6

Threads with active compile tasks:
Total: 0

VM state: not at safepoint (normal execution)

VM Mutex/Monitor currently owned by a thread: None

Heap address: 0x0000000080000000, size: 2048 MB, Compressed Oops mode: 32-bit

CDS archive(s) mapped at: [0x0000029e80000000-0x0000029e80ba0000-0x0000029e80ba0000), size 12189696, SharedBaseAddress: 0x0000029e80000000, ArchiveRelocationMode: 1.
Compressed class space mapped at: 0x0000029e81000000-0x0000029ec1000000, reserved size: 1073741824
Narrow klass base: 0x0000029e80000000, Narrow klass shift: 0, Narrow klass range: 0x100000000

GC Precious Log:
 CardTable entry size: 512
 CPUs: 4 total, 4 available
 Memory: 16264M
 Large Page Support: Disabled
 NUMA Support: Disabled
 Compressed Oops: Enabled (32-bit)
 Alignments: Space 512K, Generation 512K, Heap 2M
 Heap Min Capacity: 100M
 Heap Initial Capacity: 100M
 Heap Max Capacity: 2G
 Pre-touch: Disabled
 Parallel Workers: 4

Heap:
 PSYoungGen      total 13824K, used 11661K [0x00000000d5580000, 0x00000000d6a00000, 0x0000000100000000)
  eden space 13312K, 86% used [0x00000000d5580000,0x00000000d60c35e8,0x00000000d6280000)
  from space 512K, 25% used [0x00000000d6980000,0x00000000d69a0000,0x00000000d6a00000)
  to   space 512K, 0% used [0x00000000d6800000,0x00000000d6800000,0x00000000d6880000)
 ParOldGen       total 126976K, used 126834K [0x0000000080000000, 0x0000000087c00000, 0x00000000d5580000)
  object space 126976K, 99% used [0x0000000080000000,0x0000000087bdc928,0x0000000087c00000)
 Metaspace       used 63696K, committed 65024K, reserved 1114112K
  class space    used 6676K, committed 7232K, reserved 1048576K

Card table byte_map: [0x0000029ed28e0000,0x0000029ed2cf0000] _byte_map_base: 0x0000029ed24e0000

Marking Bits: (ParMarkBitMap*) 0x00007ffdc322a340
 Begin Bits: [0x0000029ee53e0000, 0x0000029ee73e0000)
 End Bits:   [0x0000029ee73e0000, 0x0000029ee93e0000)

Polling page: 0x0000029ed0f50000

Metaspace:

Usage:
  Non-class:     55.68 MB used.
      Class:      6.52 MB used.
       Both:     62.20 MB used.

Virtual space:
  Non-class space:       64.00 MB reserved,      56.44 MB ( 88%) committed,  1 nodes.
      Class space:        1.00 GB reserved,       7.06 MB ( <1%) committed,  1 nodes.
             Both:        1.06 GB reserved,      63.50 MB (  6%) committed. 

Chunk freelists:
   Non-Class:  7.27 MB
       Class:  8.90 MB
        Both:  16.17 MB

MaxMetaspaceSize: unlimited
CompressedClassSpaceSize: 1.00 GB
Initial GC threshold: 21.00 MB
Current GC threshold: 97.31 MB
CDS: on
 - commit_granule_bytes: 65536.
 - commit_granule_words: 8192.
 - virtual_space_node_default_size: 8388608.
 - enlarge_chunks_in_place: 1.
 - use_allocation_guard: 0.


Internal statistics:

num_allocs_failed_limit: 9.
num_arena_births: 1064.
num_arena_deaths: 238.
num_vsnodes_births: 2.
num_vsnodes_deaths: 0.
num_space_committed: 1016.
num_space_uncommitted: 0.
num_chunks_returned_to_freelist: 275.
num_chunks_taken_from_freelist: 4100.
num_chunk_merges: 68.
num_chunk_splits: 2436.
num_chunks_enlarged: 1451.
num_inconsistent_stats: 0.

CodeHeap 'non-profiled nmethods': size=120000Kb used=7055Kb max_used=7055Kb free=112944Kb
 bounds [0x0000029eddc00000, 0x0000029ede2f0000, 0x0000029ee5130000]
CodeHeap 'profiled nmethods': size=120000Kb used=20749Kb max_used=20749Kb free=99250Kb
 bounds [0x0000029ed6130000, 0x0000029ed7580000, 0x0000029edd660000]
CodeHeap 'non-nmethods': size=5760Kb used=1452Kb max_used=1537Kb free=4307Kb
 bounds [0x0000029edd660000, 0x0000029edd8d0000, 0x0000029eddc00000]
CodeCache: size=245760Kb, used=29256Kb, max_used=29341Kb, free=216501Kb
 total_blobs=9964, nmethods=9194, adapters=675, full_count=0
Compilation: enabled, stopped_count=0, restarted_count=0

Compilation events (20 events):
Event: 453820.242 Thread 0x0000029ed2e65040 9970       3       org.eclipse.core.internal.jobs.ImplicitJobs::endThreadJob (91 bytes)
Event: 453820.270 Thread 0x0000029ed2e65040 nmethod 9970 0x0000029ed756a090 code [0x0000029ed756a2c0, 0x0000029ed756ab30]
Event: 485583.155 Thread 0x0000029ed2e373c0 9971       4       java.util.UUID::<init> (109 bytes)
Event: 485583.193 Thread 0x0000029ed2e373c0 nmethod 9971 0x0000029ede2e3890 code [0x0000029ede2e3a20, 0x0000029ede2e3bd0]
Event: 491883.405 Thread 0x0000029ed2e65040 9972       3       org.eclipse.core.internal.jobs.JobManager$$Lambda/0x0000029e8118fc48::apply (20 bytes)
Event: 491883.415 Thread 0x0000029ed2e65040 nmethod 9972 0x0000029ed756af10 code [0x0000029ed756b0c0, 0x0000029ed756b318]
Event: 491883.415 Thread 0x0000029ed2e65040 9973       3       org.eclipse.core.internal.jobs.JobManager::lambda$5 (19 bytes)
Event: 491883.418 Thread 0x0000029ed2e65040 nmethod 9973 0x0000029ed756b410 code [0x0000029ed756b5e0, 0x0000029ed756b7d8]
Event: 491883.418 Thread 0x0000029ed2e65040 9974       3       org.eclipse.core.runtime.jobs.JobChangeAdapter::scheduled (1 bytes)
Event: 491883.418 Thread 0x0000029ed2e65040 nmethod 9974 0x0000029ed756b910 code [0x0000029ed756baa0, 0x0000029ed756bba8]
Event: 492783.413 Thread 0x0000029ed2e65040 9975   !   3       org.eclipse.core.internal.jobs.JobManager::updateJobGroup (249 bytes)
Event: 492783.437 Thread 0x0000029ed2e65040 nmethod 9975 0x0000029ed756bc10 code [0x0000029ed756bf40, 0x0000029ed756d418]
Event: 519229.859 Thread 0x0000029ed2e65040 9976       3       org.eclipse.jdt.ls.core.internal.handlers.ProgressReporterManager::createMonitor (54 bytes)
Event: 519229.895 Thread 0x0000029ed2e65040 nmethod 9976 0x0000029ed756dc10 code [0x0000029ed756de80, 0x0000029ed756ec58]
Event: 519229.895 Thread 0x0000029ed2e65040 9979   !   3       org.eclipse.core.internal.jobs.WorkerPool::endJob (68 bytes)
Event: 519229.906 Thread 0x0000029ed2e65040 nmethod 9979 0x0000029ed756f110 code [0x0000029ed756f340, 0x0000029ed756f9a0]
Event: 519229.907 Thread 0x0000029ed2e65040 9977       3       org.eclipse.core.runtime.jobs.JobChangeAdapter::running (1 bytes)
Event: 519229.907 Thread 0x0000029ed2e65040 nmethod 9977 0x0000029ed756fd10 code [0x0000029ed756fea0, 0x0000029ed756ffa8]
Event: 519229.907 Thread 0x0000029ed2e65040 9978       3       org.eclipse.core.internal.jobs.Worker::getJobName (49 bytes)
Event: 519229.950 Thread 0x0000029ed2e65040 nmethod 9978 0x0000029ed7570010 code [0x0000029ed7570480, 0x0000029ed7572830]

GC Heap History (20 events):
Event: 204789.909 GC heap before
{Heap before GC invocations=40 (full 3):
 PSYoungGen      total 21504K, used 21495K [0x00000000d5580000, 0x00000000d8900000, 0x0000000100000000)
  eden space 13312K, 100% used [0x00000000d5580000,0x00000000d6280000,0x00000000d6280000)
  from space 8192K, 99% used [0x00000000d7200000,0x00000000d79fde68,0x00000000d7a00000)
  to   space 15872K, 0% used [0x00000000d6280000,0x00000000d6280000,0x00000000d7200000)
 ParOldGen       total 92160K, used 91755K [0x0000000080000000, 0x0000000085a00000, 0x00000000d5580000)
  object space 92160K, 99% used [0x0000000080000000,0x000000008599ad68,0x0000000085a00000)
 Metaspace       used 60237K, committed 61440K, reserved 1114112K
  class space    used 6388K, committed 6912K, reserved 1048576K
}
Event: 204789.934 GC heap after
{Heap after GC invocations=40 (full 3):
 PSYoungGen      total 22528K, used 8800K [0x00000000d5580000, 0x00000000d7780000, 0x0000000100000000)
  eden space 13312K, 0% used [0x00000000d5580000,0x00000000d5580000,0x00000000d6280000)
  from space 9216K, 95% used [0x00000000d6280000,0x00000000d6b18000,0x00000000d6b80000)
  to   space 10752K, 0% used [0x00000000d6d00000,0x00000000d6d00000,0x00000000d7780000)
 ParOldGen       total 100352K, used 99940K [0x0000000080000000, 0x0000000086200000, 0x00000000d5580000)
  object space 100352K, 99% used [0x0000000080000000,0x00000000861990d0,0x0000000086200000)
 Metaspace       used 60237K, committed 61440K, reserved 1114112K
  class space    used 6388K, committed 6912K, reserved 1048576K
}
Event: 204790.051 GC heap before
{Heap before GC invocations=41 (full 3):
 PSYoungGen      total 22528K, used 22112K [0x00000000d5580000, 0x00000000d7780000, 0x0000000100000000)
  eden space 13312K, 100% used [0x00000000d5580000,0x00000000d6280000,0x00000000d6280000)
  from space 9216K, 95% used [0x00000000d6280000,0x00000000d6b18000,0x00000000d6b80000)
  to   space 10752K, 0% used [0x00000000d6d00000,0x00000000d6d00000,0x00000000d7780000)
 ParOldGen       total 100352K, used 99940K [0x0000000080000000, 0x0000000086200000, 0x00000000d5580000)
  object space 100352K, 99% used [0x0000000080000000,0x00000000861990d0,0x0000000086200000)
 Metaspace       used 60319K, committed 61504K, reserved 1114112K
  class space    used 6401K, committed 6912K, reserved 1048576K
}
Event: 204790.082 GC heap after
{Heap after GC invocations=41 (full 3):
 PSYoungGen      total 23040K, used 9600K [0x00000000d5580000, 0x00000000d7680000, 0x0000000100000000)
  eden space 13312K, 0% used [0x00000000d5580000,0x00000000d5580000,0x00000000d6280000)
  from space 9728K, 98% used [0x00000000d6d00000,0x00000000d7660000,0x00000000d7680000)
  to   space 10240K, 0% used [0x00000000d6280000,0x00000000d6280000,0x00000000d6c80000)
 ParOldGen       total 109056K, used 108738K [0x0000000080000000, 0x0000000086a80000, 0x00000000d5580000)
  object space 109056K, 99% used [0x0000000080000000,0x0000000086a30bc8,0x0000000086a80000)
 Metaspace       used 60319K, committed 61504K, reserved 1114112K
  class space    used 6401K, committed 6912K, reserved 1048576K
}
Event: 204790.690 GC heap before
{Heap before GC invocations=42 (full 3):
 PSYoungGen      total 23040K, used 22912K [0x00000000d5580000, 0x00000000d7680000, 0x0000000100000000)
  eden space 13312K, 100% used [0x00000000d5580000,0x00000000d6280000,0x00000000d6280000)
  from space 9728K, 98% used [0x00000000d6d00000,0x00000000d7660000,0x00000000d7680000)
  to   space 10240K, 0% used [0x00000000d6280000,0x00000000d6280000,0x00000000d6c80000)
 ParOldGen       total 109056K, used 108738K [0x0000000080000000, 0x0000000086a80000, 0x00000000d5580000)
  object space 109056K, 99% used [0x0000000080000000,0x0000000086a30bc8,0x0000000086a80000)
 Metaspace       used 60539K, committed 61760K, reserved 1114112K
  class space    used 6410K, committed 6912K, reserved 1048576K
}
Event: 204790.713 GC heap after
{Heap after GC invocations=42 (full 3):
 PSYoungGen      total 23552K, used 9705K [0x00000000d5580000, 0x00000000d7680000, 0x0000000100000000)
  eden space 13312K, 0% used [0x00000000d5580000,0x00000000d5580000,0x00000000d6280000)
  from space 10240K, 94% used [0x00000000d6280000,0x00000000d6bfa600,0x00000000d6c80000)
  to   space 10240K, 0% used [0x00000000d6c80000,0x00000000d6c80000,0x00000000d7680000)
 ParOldGen       total 118784K, used 118290K [0x0000000080000000, 0x0000000087400000, 0x00000000d5580000)
  object space 118784K, 99% used [0x0000000080000000,0x0000000087384878,0x0000000087400000)
 Metaspace       used 60539K, committed 61760K, reserved 1114112K
  class space    used 6410K, committed 6912K, reserved 1048576K
}
Event: 211822.533 GC heap before
{Heap before GC invocations=43 (full 3):
 PSYoungGen      total 23552K, used 23017K [0x00000000d5580000, 0x00000000d7680000, 0x0000000100000000)
  eden space 13312K, 100% used [0x00000000d5580000,0x00000000d6280000,0x00000000d6280000)
  from space 10240K, 94% used [0x00000000d6280000,0x00000000d6bfa600,0x00000000d6c80000)
  to   space 10240K, 0% used [0x00000000d6c80000,0x00000000d6c80000,0x00000000d7680000)
 ParOldGen       total 118784K, used 118290K [0x0000000080000000, 0x0000000087400000, 0x00000000d5580000)
  object space 118784K, 99% used [0x0000000080000000,0x0000000087384878,0x0000000087400000)
 Metaspace       used 60946K, committed 62208K, reserved 1114112K
  class space    used 6451K, committed 6976K, reserved 1048576K
}
Event: 211822.653 GC heap after
{Heap after GC invocations=43 (full 3):
 PSYoungGen      total 16896K, used 3494K [0x00000000d5580000, 0x00000000d7000000, 0x0000000100000000)
  eden space 13312K, 0% used [0x00000000d5580000,0x00000000d5580000,0x00000000d6280000)
  from space 3584K, 97% used [0x00000000d6c80000,0x00000000d6fe99e0,0x00000000d7000000)
  to   space 6144K, 0% used [0x00000000d6400000,0x00000000d6400000,0x00000000d6a00000)
 ParOldGen       total 121344K, used 121141K [0x0000000080000000, 0x0000000087680000, 0x00000000d5580000)
  object space 121344K, 99% used [0x0000000080000000,0x000000008764d448,0x0000000087680000)
 Metaspace       used 60946K, committed 62208K, reserved 1114112K
  class space    used 6451K, committed 6976K, reserved 1048576K
}
Event: 211823.791 GC heap before
{Heap before GC invocations=44 (full 3):
 PSYoungGen      total 16896K, used 16806K [0x00000000d5580000, 0x00000000d7000000, 0x0000000100000000)
  eden space 13312K, 100% used [0x00000000d5580000,0x00000000d6280000,0x00000000d6280000)
  from space 3584K, 97% used [0x00000000d6c80000,0x00000000d6fe99e0,0x00000000d7000000)
  to   space 6144K, 0% used [0x00000000d6400000,0x00000000d6400000,0x00000000d6a00000)
 ParOldGen       total 121344K, used 121141K [0x0000000080000000, 0x0000000087680000, 0x00000000d5580000)
  object space 121344K, 99% used [0x0000000080000000,0x000000008764d448,0x0000000087680000)
 Metaspace       used 61967K, committed 63232K, reserved 1114112K
  class space    used 6524K, committed 7104K, reserved 1048576K
}
Event: 211823.810 GC heap after
{Heap after GC invocations=44 (full 3):
 PSYoungGen      total 19456K, used 1392K [0x00000000d5580000, 0x00000000d6d00000, 0x0000000100000000)
  eden space 13312K, 0% used [0x00000000d5580000,0x00000000d5580000,0x00000000d6280000)
  from space 6144K, 22% used [0x00000000d6400000,0x00000000d655c050,0x00000000d6a00000)
  to   space 3072K, 0% used [0x00000000d6a00000,0x00000000d6a00000,0x00000000d6d00000)
 ParOldGen       total 124928K, used 124548K [0x0000000080000000, 0x0000000087a00000, 0x00000000d5580000)
  object space 124928K, 99% used [0x0000000080000000,0x00000000879a12b8,0x0000000087a00000)
 Metaspace       used 61967K, committed 63232K, reserved 1114112K
  class space    used 6524K, committed 7104K, reserved 1048576K
}
Event: 211824.573 GC heap before
{Heap before GC invocations=45 (full 3):
 PSYoungGen      total 19456K, used 14584K [0x00000000d5580000, 0x00000000d6d00000, 0x0000000100000000)
  eden space 13312K, 99% used [0x00000000d5580000,0x00000000d62620c8,0x00000000d6280000)
  from space 6144K, 22% used [0x00000000d6400000,0x00000000d655c050,0x00000000d6a00000)
  to   space 3072K, 0% used [0x00000000d6a00000,0x00000000d6a00000,0x00000000d6d00000)
 ParOldGen       total 124928K, used 124548K [0x0000000080000000, 0x0000000087a00000, 0x00000000d5580000)
  object space 124928K, 99% used [0x0000000080000000,0x00000000879a12b8,0x0000000087a00000)
 Metaspace       used 62704K, committed 63936K, reserved 1114112K
  class space    used 6614K, committed 7168K, reserved 1048576K
}
Event: 211824.584 GC heap after
{Heap after GC invocations=45 (full 3):
 PSYoungGen      total 15360K, used 1847K [0x00000000d5580000, 0x00000000d6c00000, 0x0000000100000000)
  eden space 13312K, 0% used [0x00000000d5580000,0x00000000d5580000,0x00000000d6280000)
  from space 2048K, 90% used [0x00000000d6a00000,0x00000000d6bcdeb0,0x00000000d6c00000)
  to   space 2048K, 0% used [0x00000000d6800000,0x00000000d6800000,0x00000000d6a00000)
 ParOldGen       total 125952K, used 125723K [0x0000000080000000, 0x0000000087b00000, 0x00000000d5580000)
  object space 125952K, 99% used [0x0000000080000000,0x0000000087ac6e60,0x0000000087b00000)
 Metaspace       used 62704K, committed 63936K, reserved 1114112K
  class space    used 6614K, committed 7168K, reserved 1048576K
}
Event: 211824.927 GC heap before
{Heap before GC invocations=46 (full 3):
 PSYoungGen      total 15360K, used 15135K [0x00000000d5580000, 0x00000000d6c00000, 0x0000000100000000)
  eden space 13312K, 99% used [0x00000000d5580000,0x00000000d6279df8,0x00000000d6280000)
  from space 2048K, 90% used [0x00000000d6a00000,0x00000000d6bcdeb0,0x00000000d6c00000)
  to   space 2048K, 0% used [0x00000000d6800000,0x00000000d6800000,0x00000000d6a00000)
 ParOldGen       total 125952K, used 125723K [0x0000000080000000, 0x0000000087b00000, 0x00000000d5580000)
  object space 125952K, 99% used [0x0000000080000000,0x0000000087ac6e60,0x0000000087b00000)
 Metaspace       used 63280K, committed 64576K, reserved 1114112K
  class space    used 6658K, committed 7232K, reserved 1048576K
}
Event: 211824.933 GC heap after
{Heap after GC invocations=46 (full 3):
 PSYoungGen      total 13824K, used 352K [0x00000000d5580000, 0x00000000d6a80000, 0x0000000100000000)
  eden space 13312K, 0% used [0x00000000d5580000,0x00000000d5580000,0x00000000d6280000)
  from space 512K, 68% used [0x00000000d6800000,0x00000000d6858000,0x00000000d6880000)
  to   space 1024K, 0% used [0x00000000d6980000,0x00000000d6980000,0x00000000d6a80000)
 ParOldGen       total 126976K, used 126483K [0x0000000080000000, 0x0000000087c00000, 0x00000000d5580000)
  object space 126976K, 99% used [0x0000000080000000,0x0000000087b84e80,0x0000000087c00000)
 Metaspace       used 63280K, committed 64576K, reserved 1114112K
  class space    used 6658K, committed 7232K, reserved 1048576K
}
Event: 212824.010 GC heap before
{Heap before GC invocations=47 (full 3):
 PSYoungGen      total 13824K, used 13663K [0x00000000d5580000, 0x00000000d6a80000, 0x0000000100000000)
  eden space 13312K, 99% used [0x00000000d5580000,0x00000000d627fff0,0x00000000d6280000)
  from space 512K, 68% used [0x00000000d6800000,0x00000000d6858000,0x00000000d6880000)
  to   space 1024K, 0% used [0x00000000d6980000,0x00000000d6980000,0x00000000d6a80000)
 ParOldGen       total 126976K, used 126483K [0x0000000080000000, 0x0000000087c00000, 0x00000000d5580000)
  object space 126976K, 99% used [0x0000000080000000,0x0000000087b84e80,0x0000000087c00000)
 Metaspace       used 63600K, committed 64896K, reserved 1114112K
  class space    used 6674K, committed 7232K, reserved 1048576K
}
Event: 212824.020 GC heap after
{Heap after GC invocations=47 (full 3):
 PSYoungGen      total 13824K, used 128K [0x00000000d5580000, 0x00000000d6a00000, 0x0000000100000000)
  eden space 13312K, 0% used [0x00000000d5580000,0x00000000d5580000,0x00000000d6280000)
  from space 512K, 25% used [0x00000000d6980000,0x00000000d69a0000,0x00000000d6a00000)
  to   space 512K, 0% used [0x00000000d6800000,0x00000000d6800000,0x00000000d6880000)
 ParOldGen       total 126976K, used 126730K [0x0000000080000000, 0x0000000087c00000, 0x00000000d5580000)
  object space 126976K, 99% used [0x0000000080000000,0x0000000087bc2928,0x0000000087c00000)
 Metaspace       used 63600K, committed 64896K, reserved 1114112K
  class space    used 6674K, committed 7232K, reserved 1048576K
}
Event: 214657.633 GC heap before
{Heap before GC invocations=48 (full 3):
 PSYoungGen      total 13824K, used 13440K [0x00000000d5580000, 0x00000000d6a00000, 0x0000000100000000)
  eden space 13312K, 100% used [0x00000000d5580000,0x00000000d6280000,0x00000000d6280000)
  from space 512K, 25% used [0x00000000d6980000,0x00000000d69a0000,0x00000000d6a00000)
  to   space 512K, 0% used [0x00000000d6800000,0x00000000d6800000,0x00000000d6880000)
 ParOldGen       total 126976K, used 126730K [0x0000000080000000, 0x0000000087c00000, 0x00000000d5580000)
  object space 126976K, 99% used [0x0000000080000000,0x0000000087bc2928,0x0000000087c00000)
 Metaspace       used 63633K, committed 64960K, reserved 1114112K
  class space    used 6674K, committed 7232K, reserved 1048576K
}
Event: 214657.645 GC heap after
{Heap after GC invocations=48 (full 3):
 PSYoungGen      total 13824K, used 96K [0x00000000d5580000, 0x00000000d6a00000, 0x0000000100000000)
  eden space 13312K, 0% used [0x00000000d5580000,0x00000000d5580000,0x00000000d6280000)
  from space 512K, 18% used [0x00000000d6800000,0x00000000d6818000,0x00000000d6880000)
  to   space 512K, 0% used [0x00000000d6980000,0x00000000d6980000,0x00000000d6a00000)
 ParOldGen       total 126976K, used 126818K [0x0000000080000000, 0x0000000087c00000, 0x00000000d5580000)
  object space 126976K, 99% used [0x0000000080000000,0x0000000087bd8928,0x0000000087c00000)
 Metaspace       used 63633K, committed 64960K, reserved 1114112K
  class space    used 6674K, committed 7232K, reserved 1048576K
}
Event: 217695.922 GC heap before
{Heap before GC invocations=49 (full 3):
 PSYoungGen      total 13824K, used 13408K [0x00000000d5580000, 0x00000000d6a00000, 0x0000000100000000)
  eden space 13312K, 100% used [0x00000000d5580000,0x00000000d6280000,0x00000000d6280000)
  from space 512K, 18% used [0x00000000d6800000,0x00000000d6818000,0x00000000d6880000)
  to   space 512K, 0% used [0x00000000d6980000,0x00000000d6980000,0x00000000d6a00000)
 ParOldGen       total 126976K, used 126818K [0x0000000080000000, 0x0000000087c00000, 0x00000000d5580000)
  object space 126976K, 99% used [0x0000000080000000,0x0000000087bd8928,0x0000000087c00000)
 Metaspace       used 63656K, committed 65024K, reserved 1114112K
  class space    used 6676K, committed 7232K, reserved 1048576K
}
Event: 217695.953 GC heap after
{Heap after GC invocations=49 (full 3):
 PSYoungGen      total 13824K, used 128K [0x00000000d5580000, 0x00000000d6a00000, 0x0000000100000000)
  eden space 13312K, 0% used [0x00000000d5580000,0x00000000d5580000,0x00000000d6280000)
  from space 512K, 25% used [0x00000000d6980000,0x00000000d69a0000,0x00000000d6a00000)
  to   space 512K, 0% used [0x00000000d6800000,0x00000000d6800000,0x00000000d6880000)
 ParOldGen       total 126976K, used 126834K [0x0000000080000000, 0x0000000087c00000, 0x00000000d5580000)
  object space 126976K, 99% used [0x0000000080000000,0x0000000087bdc928,0x0000000087c00000)
 Metaspace       used 63656K, committed 65024K, reserved 1114112K
  class space    used 6676K, committed 7232K, reserved 1048576K
}

Dll operation events (10 events):
Event: 0.020 Loaded shared library c:\Users\Muktadeer\.vscode\extensions\redhat.java-1.46.0-win32-x64\jre\21.0.8-win32-x86_64\bin\java.dll
Event: 0.163 Loaded shared library c:\Users\Muktadeer\.vscode\extensions\redhat.java-1.46.0-win32-x64\jre\21.0.8-win32-x86_64\bin\zip.dll
Event: 0.210 Loaded shared library C:\Users\Muktadeer\.vscode\extensions\redhat.java-1.46.0-win32-x64\jre\21.0.8-win32-x86_64\bin\instrument.dll
Event: 0.218 Loaded shared library C:\Users\Muktadeer\.vscode\extensions\redhat.java-1.46.0-win32-x64\jre\21.0.8-win32-x86_64\bin\net.dll
Event: 0.223 Loaded shared library C:\Users\Muktadeer\.vscode\extensions\redhat.java-1.46.0-win32-x64\jre\21.0.8-win32-x86_64\bin\nio.dll
Event: 0.230 Loaded shared library C:\Users\Muktadeer\.vscode\extensions\redhat.java-1.46.0-win32-x64\jre\21.0.8-win32-x86_64\bin\zip.dll
Event: 0.265 Loaded shared library C:\Users\Muktadeer\.vscode\extensions\redhat.java-1.46.0-win32-x64\jre\21.0.8-win32-x86_64\bin\jimage.dll
Event: 0.424 Loaded shared library c:\Users\Muktadeer\.vscode\extensions\redhat.java-1.46.0-win32-x64\jre\21.0.8-win32-x86_64\bin\verify.dll
Event: 10.833 Loaded shared library C:\Users\Muktadeer\AppData\Roaming\Code\User\globalStorage\redhat.java\1.46.0\config_win\org.eclipse.equinox.launcher\org.eclipse.equinox.launcher.win32.win32.x86_64_1.2.1400.v20250801-0854\eclipse_11916.dll
Event: 38.188 Loaded shared library C:\Users\Muktadeer\AppData\Local\Temp\jna--97405378\jna5505818916534693788.dll

Deoptimization events (20 events):
Event: 213901.608 Thread 0x0000029ef01a9b70 DEOPT PACKING pc=0x0000029ed7362c41 sp=0x000000e00d3fe7a0
Event: 213901.609 Thread 0x0000029ef01a9b70 DEOPT UNPACKING pc=0x0000029edd6b4242 sp=0x000000e00d3fdc80 mode 0
Event: 317950.271 Thread 0x0000029ef04da890 DEOPT PACKING pc=0x0000029ed6d41fcd sp=0x000000e00cbfeaa0
Event: 317950.272 Thread 0x0000029ef04da890 DEOPT UNPACKING pc=0x0000029edd6b4242 sp=0x000000e00cbfdf00 mode 0
Event: 318850.278 Thread 0x0000029ef04da890 Uncommon trap: trap_request=0xffffffbe fr.pc=0x0000029ede2dba54 relative=0x00000000000002b4
Event: 318850.278 Thread 0x0000029ef04da890 Uncommon trap: reason=profile_predicate action=maybe_recompile pc=0x0000029ede2dba54 method=sun.security.provider.HashDrbg.addBytes([BI[[B)V @ 36 c2
Event: 318850.278 Thread 0x0000029ef04da890 DEOPT PACKING pc=0x0000029ede2dba54 sp=0x000000e00cbfe750
Event: 318850.311 Thread 0x0000029ef04da890 DEOPT UNPACKING pc=0x0000029edd6b3aa2 sp=0x000000e00cbfe6a0 mode 2
Event: 318850.311 Thread 0x0000029ef04da890 Uncommon trap: trap_request=0xffffffbe fr.pc=0x0000029ede2dba54 relative=0x00000000000002b4
Event: 318850.311 Thread 0x0000029ef04da890 Uncommon trap: reason=profile_predicate action=maybe_recompile pc=0x0000029ede2dba54 method=sun.security.provider.HashDrbg.addBytes([BI[[B)V @ 36 c2
Event: 318850.311 Thread 0x0000029ef04da890 DEOPT PACKING pc=0x0000029ede2dba54 sp=0x000000e00cbfeab0
Event: 318850.311 Thread 0x0000029ef04da890 DEOPT UNPACKING pc=0x0000029edd6b3aa2 sp=0x000000e00cbfea00 mode 2
Event: 319750.324 Thread 0x0000029ef01aa200 Uncommon trap: trap_request=0xffffffbe fr.pc=0x0000029ede2dba54 relative=0x00000000000002b4
Event: 319750.324 Thread 0x0000029ef01aa200 Uncommon trap: reason=profile_predicate action=maybe_recompile pc=0x0000029ede2dba54 method=sun.security.provider.HashDrbg.addBytes([BI[[B)V @ 36 c2
Event: 319750.324 Thread 0x0000029ef01aa200 DEOPT PACKING pc=0x0000029ede2dba54 sp=0x000000e00aafed90
Event: 319750.324 Thread 0x0000029ef01aa200 DEOPT UNPACKING pc=0x0000029edd6b3aa2 sp=0x000000e00aafece0 mode 2
Event: 319750.324 Thread 0x0000029ef01aa200 Uncommon trap: trap_request=0xffffffbe fr.pc=0x0000029ede2dba54 relative=0x00000000000002b4
Event: 319750.324 Thread 0x0000029ef01aa200 Uncommon trap: reason=profile_predicate action=maybe_recompile pc=0x0000029ede2dba54 method=sun.security.provider.HashDrbg.addBytes([BI[[B)V @ 36 c2
Event: 319750.325 Thread 0x0000029ef01aa200 DEOPT PACKING pc=0x0000029ede2dba54 sp=0x000000e00aaff0f0
Event: 319750.325 Thread 0x0000029ef01aa200 DEOPT UNPACKING pc=0x0000029edd6b3aa2 sp=0x000000e00aaff040 mode 2

Classes loaded (20 events):
Event: 205086.711 Loading class java/io/ObjectOutputStream$BlockDataOutputStream
Event: 205086.711 Loading class java/io/ObjectOutputStream$BlockDataOutputStream done
Event: 205086.711 Loading class java/io/ObjectOutputStream$HandleTable
Event: 205086.712 Loading class java/io/ObjectOutputStream$HandleTable done
Event: 205086.712 Loading class java/io/ObjectOutputStream$ReplaceTable
Event: 205086.712 Loading class java/io/ObjectOutputStream$ReplaceTable done
Event: 210295.752 Loading class java/util/stream/DistinctOps
Event: 210295.812 Loading class java/util/stream/DistinctOps done
Event: 210295.816 Loading class java/util/stream/DistinctOps$1
Event: 210295.851 Loading class java/util/stream/DistinctOps$1 done
Event: 210296.050 Loading class java/util/stream/DistinctOps$1$2
Event: 210296.055 Loading class java/util/stream/DistinctOps$1$2 done
Event: 211824.239 Loading class jdk/internal/ref/CleanerImpl$InnocuousThreadFactory
Event: 211824.240 Loading class jdk/internal/ref/CleanerImpl$InnocuousThreadFactory done
Event: 211824.820 Loading class java/util/concurrent/ConcurrentHashMap$TreeNode
Event: 211824.821 Loading class java/util/concurrent/ConcurrentHashMap$TreeNode done
Event: 211824.822 Loading class java/util/concurrent/ConcurrentHashMap$TreeBin
Event: 211824.822 Loading class java/util/concurrent/ConcurrentHashMap$TreeBin done
Event: 315438.836 Loading class jdk/internal/access/JavaAWTAccess
Event: 315438.891 Loading class jdk/internal/access/JavaAWTAccess done

Classes unloaded (20 events):
Event: 204787.292 Thread 0x0000029ed2fe0ae0 Unloading class 0x0000029e81019400 'java/lang/invoke/LambdaForm$MH+0x0000029e81019400'
Event: 204787.292 Thread 0x0000029ed2fe0ae0 Unloading class 0x0000029e81018400 'java/lang/invoke/LambdaForm$MH+0x0000029e81018400'
Event: 204787.292 Thread 0x0000029ed2fe0ae0 Unloading class 0x0000029e81018000 'java/lang/invoke/LambdaForm$MH+0x0000029e81018000'
Event: 204787.292 Thread 0x0000029ed2fe0ae0 Unloading class 0x0000029e81017400 'java/lang/invoke/LambdaForm$MH+0x0000029e81017400'
Event: 204787.292 Thread 0x0000029ed2fe0ae0 Unloading class 0x0000029e81014800 'java/lang/invoke/LambdaForm$MH+0x0000029e81014800'
Event: 204787.292 Thread 0x0000029ed2fe0ae0 Unloading class 0x0000029e8100d800 'java/lang/invoke/LambdaForm$MH+0x0000029e8100d800'
Event: 204787.292 Thread 0x0000029ed2fe0ae0 Unloading class 0x0000029e8100d400 'java/lang/invoke/LambdaForm$MH+0x0000029e8100d400'
Event: 204787.292 Thread 0x0000029ed2fe0ae0 Unloading class 0x0000029e8100d000 'java/lang/invoke/LambdaForm$MH+0x0000029e8100d000'
Event: 204787.292 Thread 0x0000029ed2fe0ae0 Unloading class 0x0000029e8100cc00 'java/lang/invoke/LambdaForm$MH+0x0000029e8100cc00'
Event: 204787.292 Thread 0x0000029ed2fe0ae0 Unloading class 0x0000029e8100c800 'java/lang/invoke/LambdaForm$BMH+0x0000029e8100c800'
Event: 204787.292 Thread 0x0000029ed2fe0ae0 Unloading class 0x0000029e8100c000 'java/lang/invoke/LambdaForm$DMH+0x0000029e8100c000'
Event: 204787.293 Thread 0x0000029ed2fe0ae0 Unloading class 0x0000029e81008c00 'java/lang/invoke/LambdaForm$MH+0x0000029e81008c00'
Event: 204787.293 Thread 0x0000029ed2fe0ae0 Unloading class 0x0000029e81008800 'java/lang/invoke/LambdaForm$MH+0x0000029e81008800'
Event: 204787.293 Thread 0x0000029ed2fe0ae0 Unloading class 0x0000029e81008400 'java/lang/invoke/LambdaForm$MH+0x0000029e81008400'
Event: 204787.293 Thread 0x0000029ed2fe0ae0 Unloading class 0x0000029e81007000 'java/lang/invoke/LambdaForm$MH+0x0000029e81007000'
Event: 204787.293 Thread 0x0000029ed2fe0ae0 Unloading class 0x0000029e81006800 'java/lang/invoke/LambdaForm$MH+0x0000029e81006800'
Event: 204787.293 Thread 0x0000029ed2fe0ae0 Unloading class 0x0000029e81006400 'java/lang/invoke/LambdaForm$MH+0x0000029e81006400'
Event: 204787.293 Thread 0x0000029ed2fe0ae0 Unloading class 0x0000029e81006000 'java/lang/invoke/LambdaForm$MH+0x0000029e81006000'
Event: 204787.293 Thread 0x0000029ed2fe0ae0 Unloading class 0x0000029e81005c00 'java/lang/invoke/LambdaForm$BMH+0x0000029e81005c00'
Event: 204787.293 Thread 0x0000029ed2fe0ae0 Unloading class 0x0000029e81004800 'java/lang/invoke/LambdaForm$DMH+0x0000029e81004800'

Classes redefined (0 events):
No events

Internal exceptions (20 events):
Event: 204786.860 Thread 0x0000029ef01a8130 Exception <a 'java/lang/IncompatibleClassChangeError'{0x00000000d5718198}: Found class java.lang.Object, but interface was expected> (0x00000000d5718198) 
thrown [s\src\hotspot\share\interpreter\linkResolver.cpp, line 840]
Event: 204787.115 Thread 0x0000029ef01a8130 Exception <a 'java/lang/IncompatibleClassChangeError'{0x00000000d5c1ccc0}: Found class java.lang.Object, but interface was expected> (0x00000000d5c1ccc0) 
thrown [s\src\hotspot\share\interpreter\linkResolver.cpp, line 840]
Event: 204787.203 Thread 0x0000029ef01aea30 Exception <a 'java/lang/NoSuchMethodError'{0x00000000d5d268f0}: 'java.lang.Object java.lang.invoke.DirectMethodHandle$Holder.invokeSpecial(java.lang.Object, java.lang.Object, java.lang.Object, java.lang.Object, int, java.lang.Object, java.lang.Object)'> (0x00000000d5d268f0) 
thrown [s\src\hotspot\share\interpreter\linkResolver.cpp, line 773]
Event: 204787.754 Thread 0x0000029ef01a8130 Exception <a 'java/lang/IncompatibleClassChangeError'{0x00000000d55a6888}: Found class java.lang.Object, but interface was expected> (0x00000000d55a6888) 
thrown [s\src\hotspot\share\interpreter\linkResolver.cpp, line 840]
Event: 204787.754 Thread 0x0000029ef01a8130 Implicit null exception at 0x0000029ede124dcc to 0x0000029ede125044
Event: 204787.790 Thread 0x0000029ef01aea30 Implicit null exception at 0x0000029eddc8aa92 to 0x0000029eddc8ab39
Event: 204787.806 Thread 0x0000029ef01a8130 Exception <a 'java/lang/IncompatibleClassChangeError'{0x00000000d55b7098}: Found class java.lang.Object, but interface was expected> (0x00000000d55b7098) 
thrown [s\src\hotspot\share\interpreter\linkResolver.cpp, line 840]
Event: 204787.814 Thread 0x0000029ef01a8130 Exception <a 'java/lang/ClassNotFoundException'{0x00000000d55bf5f8}: sun/util/logging/resources/spi/loggingProvider> (0x00000000d55bf5f8) 
thrown [s\src\hotspot\share\classfile\systemDictionary.cpp, line 312]
Event: 204787.847 Thread 0x0000029ef01aa890 Exception <a 'java/io/FileNotFoundException'{0x00000000d5816140}> (0x00000000d5816140) 
thrown [s\src\hotspot\share\prims\jni.cpp, line 520]
Event: 204787.848 Thread 0x0000029ef01aa890 Exception <a 'java/io/FileNotFoundException'{0x00000000d5817428}> (0x00000000d5817428) 
thrown [s\src\hotspot\share\prims\jni.cpp, line 520]
Event: 204787.848 Thread 0x0000029ef01aa890 Exception <a 'java/io/FileNotFoundException'{0x00000000d5818460}> (0x00000000d5818460) 
thrown [s\src\hotspot\share\prims\jni.cpp, line 520]
Event: 204787.876 Thread 0x0000029ef01aa890 Exception <a 'java/lang/NoSuchMethodError'{0x00000000d592d300}: 'java.lang.Object java.lang.invoke.DirectMethodHandle$Holder.invokeVirtual(java.lang.Object, java.lang.Object, java.lang.Object)'> (0x00000000d592d300) 
thrown [s\src\hotspot\share\interpreter\linkResolver.cpp, line 773]
Event: 204788.153 Thread 0x0000029ef01af0c0 Exception <a 'sun/nio/fs/WindowsException'{0x00000000d5ba5780}> (0x00000000d5ba5780) 
thrown [s\src\hotspot\share\prims\jni.cpp, line 520]
Event: 204790.544 Thread 0x0000029ef04dbc40 Exception <a 'sun/nio/fs/WindowsException'{0x00000000d5ade398}> (0x00000000d5ade398) 
thrown [s\src\hotspot\share\prims\jni.cpp, line 520]
Event: 204790.949 Thread 0x0000029ef04dbc40 Exception <a 'sun/nio/fs/WindowsException'{0x00000000d59ac6a8}> (0x00000000d59ac6a8) 
thrown [s\src\hotspot\share\prims\jni.cpp, line 520]
Event: 205086.724 Thread 0x0000029ef04da890 Exception <a 'java/lang/NoSuchMethodError'{0x00000000d5e50380}: 'java.lang.Object java.lang.invoke.DirectMethodHandle$Holder.newInvokeSpecial(java.lang.Object, java.lang.Object, java.lang.Object, java.lang.Object, java.lang.Object, java.lang.Object, java.lang.Object, java.lang.Object)'> (0x00000000d5e50380) 
thrown [s\src\hotspot\share\interpreter\linkResolver.cpp, line 773]
Event: 211822.929 Thread 0x0000029ef01a8130 Exception <a 'java/lang/IncompatibleClassChangeError'{0x00000000d56de8a0}: Found class java.lang.Object, but interface was expected> (0x00000000d56de8a0) 
thrown [s\src\hotspot\share\interpreter\linkResolver.cpp, line 840]
Event: 211823.495 Thread 0x0000029ef01a8130 Exception <a 'java/lang/IncompatibleClassChangeError'{0x00000000d57265b8}: Found class java.lang.Object, but interface was expected> (0x00000000d57265b8) 
thrown [s\src\hotspot\share\interpreter\linkResolver.cpp, line 840]
Event: 211824.234 Thread 0x0000029ef01a8130 Exception <a 'java/lang/IncompatibleClassChangeError'{0x00000000d58afef8}: Found class java.lang.Object, but interface was expected> (0x00000000d58afef8) 
thrown [s\src\hotspot\share\interpreter\linkResolver.cpp, line 840]
Event: 453627.469 Thread 0x0000029ef01a8130 Exception <a 'java/lang/IncompatibleClassChangeError'{0x00000000d5feab80}: Found class java.lang.Object, but interface was expected> (0x00000000d5feab80) 
thrown [s\src\hotspot\share\interpreter\linkResolver.cpp, line 840]

ZGC Phase Switch (0 events):
No events

VM Operations (20 events):
Event: 492783.725 Executing VM operation: Cleanup
Event: 492783.758 Executing VM operation: Cleanup done
Event: 519243.493 Executing VM operation: HandshakeAllThreads (HandshakeForDeflation)
Event: 519243.494 Executing VM operation: HandshakeAllThreads (HandshakeForDeflation) done
Event: 519243.494 Executing VM operation: RendezvousGCThreads
Event: 519243.494 Executing VM operation: RendezvousGCThreads done
Event: 520130.120 Executing VM operation: Cleanup
Event: 520130.120 Executing VM operation: Cleanup done
Event: 521034.689 Executing VM operation: HandshakeAllThreads (HandshakeForDeflation)
Event: 521034.689 Executing VM operation: HandshakeAllThreads (HandshakeForDeflation) done
Event: 521034.690 Executing VM operation: RendezvousGCThreads
Event: 521034.690 Executing VM operation: RendezvousGCThreads done
Event: 521936.157 Executing VM operation: HandshakeAllThreads (HandshakeForDeflation)
Event: 521936.158 Executing VM operation: HandshakeAllThreads (HandshakeForDeflation) done
Event: 521936.158 Executing VM operation: RendezvousGCThreads
Event: 521936.158 Executing VM operation: RendezvousGCThreads done
Event: 522838.501 Executing VM operation: HandshakeAllThreads (HandshakeForDeflation)
Event: 522838.501 Executing VM operation: HandshakeAllThreads (HandshakeForDeflation) done
Event: 522838.502 Executing VM operation: RendezvousGCThreads
Event: 522838.502 Executing VM operation: RendezvousGCThreads done

Memory protections (0 events):
No events

Nmethod flushes (20 events):
Event: 204787.427 Thread 0x0000029ed2fe0ae0 flushing  nmethod 0x0000029ed6a3cb90
Event: 204787.427 Thread 0x0000029ed2fe0ae0 flushing  nmethod 0x0000029ed6a3cf90
Event: 204787.427 Thread 0x0000029ed2fe0ae0 flushing  nmethod 0x0000029ed6a3de10
Event: 204787.427 Thread 0x0000029ed2fe0ae0 flushing  nmethod 0x0000029ed6a3f290
Event: 204787.427 Thread 0x0000029ed2fe0ae0 flushing  nmethod 0x0000029ed6a40890
Event: 204787.427 Thread 0x0000029ed2fe0ae0 flushing  nmethod 0x0000029ed6a41d10
Event: 204787.427 Thread 0x0000029ed2fe0ae0 flushing  nmethod 0x0000029ed6a42110
Event: 204787.427 Thread 0x0000029ed2fe0ae0 flushing  nmethod 0x0000029ed6a48610
Event: 204787.427 Thread 0x0000029ed2fe0ae0 flushing  nmethod 0x0000029ed6a49a90
Event: 204787.427 Thread 0x0000029ed2fe0ae0 flushing  nmethod 0x0000029ed6a4a010
Event: 204787.427 Thread 0x0000029ed2fe0ae0 flushing  nmethod 0x0000029ed6a4a610
Event: 204787.427 Thread 0x0000029ed2fe0ae0 flushing  nmethod 0x0000029ed6a4aa10
Event: 204787.427 Thread 0x0000029ed2fe0ae0 flushing  nmethod 0x0000029ed6a4ae90
Event: 204787.427 Thread 0x0000029ed2fe0ae0 flushing  nmethod 0x0000029ed6a4b490
Event: 204787.427 Thread 0x0000029ed2fe0ae0 flushing  nmethod 0x0000029ed6a4b890
Event: 204787.427 Thread 0x0000029ed2fe0ae0 flushing  nmethod 0x0000029ed6a4be90
Event: 204787.427 Thread 0x0000029ed2fe0ae0 flushing  nmethod 0x0000029ed6a52d90
Event: 204787.427 Thread 0x0000029ed2fe0ae0 flushing  nmethod 0x0000029ed6a5c890
Event: 204787.427 Thread 0x0000029ed2fe0ae0 flushing  nmethod 0x0000029ed6a63d10
Event: 204787.427 Thread 0x0000029ed2fe0ae0 flushing  nmethod 0x0000029ed6a81210

Events (20 events):
Event: 205088.748 Thread 0x0000029ef01af750 Thread exited: 0x0000029ef01af750
Event: 210209.392 Thread 0x0000029ef01a8130 Thread added: 0x0000029ef04dcff0
Event: 210270.200 Thread 0x0000029ef04dcff0 Thread exited: 0x0000029ef04dcff0
Event: 211822.721 Thread 0x0000029ed2e65040 Thread added: 0x0000029ef039e500
Event: 211822.874 Thread 0x0000029ef01a8130 Thread added: 0x0000029ef04da200
Event: 211822.884 Thread 0x0000029ef04da200 Thread added: 0x0000029ef04dcff0
Event: 211822.907 Thread 0x0000029ef04dcff0 Thread added: 0x0000029ef04dd680
Event: 211824.240 Thread 0x0000029ef04da200 Thread added: 0x0000029ef04daf20
Event: 211830.162 Thread 0x0000029ef039e500 Thread exited: 0x0000029ef039e500
Event: 211885.115 Thread 0x0000029ef04dcff0 Thread exited: 0x0000029ef04dcff0
Event: 211945.121 Thread 0x0000029ef04dd680 Thread exited: 0x0000029ef04dd680
Event: 212005.131 Thread 0x0000029ef04da200 Thread exited: 0x0000029ef04da200
Event: 231041.200 Thread 0x0000029ef04da890 Thread added: 0x0000029ef01aa200
Event: 231041.208 Thread 0x0000029ef01aa890 Thread exited: 0x0000029ef01aa890
Event: 360598.093 Thread 0x0000029ef04da890 Thread added: 0x0000029ef01aa890
Event: 360598.094 Thread 0x0000029ef01aa200 Thread exited: 0x0000029ef01aa200
Event: 375258.420 Thread 0x0000029ef04da890 Thread added: 0x0000029ef01aa200
Event: 375258.421 Thread 0x0000029ef01aa890 Thread exited: 0x0000029ef01aa890
Event: 387410.282 Thread 0x0000029ef04da890 Thread added: 0x0000029ef01aa890
Event: 387410.283 Thread 0x0000029ef01aa200 Thread exited: 0x0000029ef01aa200


Dynamic libraries:
0x00007ff6cbcd0000 - 0x00007ff6cbcde000 	c:\Users\Muktadeer\.vscode\extensions\redhat.java-1.46.0-win32-x64\jre\21.0.8-win32-x86_64\bin\java.exe
0x00007ffe82a40000 - 0x00007ffe82ca8000 	C:\WINDOWS\SYSTEM32\ntdll.dll
0x00007ffe80b80000 - 0x00007ffe80c49000 	C:\WINDOWS\System32\KERNEL32.DLL
0x00007ffe80100000 - 0x00007ffe804f2000 	C:\WINDOWS\System32\KERNELBASE.dll
0x00007ffe80590000 - 0x00007ffe806db000 	C:\WINDOWS\System32\ucrtbase.dll
0x00007ffe63be0000 - 0x00007ffe63bfe000 	c:\Users\Muktadeer\.vscode\extensions\redhat.java-1.46.0-win32-x64\jre\21.0.8-win32-x86_64\bin\VCRUNTIME140.dll
0x00007ffe63c00000 - 0x00007ffe63c18000 	c:\Users\Muktadeer\.vscode\extensions\redhat.java-1.46.0-win32-x64\jre\21.0.8-win32-x86_64\bin\jli.dll
0x00007ffe80f40000 - 0x00007ffe81105000 	C:\WINDOWS\System32\USER32.dll
0x00007ffe7ff50000 - 0x00007ffe7ff77000 	C:\WINDOWS\System32\win32u.dll
0x00007ffe6a670000 - 0x00007ffe6a903000 	C:\WINDOWS\WinSxS\amd64_microsoft.windows.common-controls_6595b64144ccf1df_6.0.26100.6899_none_3e0efeeae32e88c1\COMCTL32.dll
0x00007ffe80b50000 - 0x00007ffe80b7b000 	C:\WINDOWS\System32\GDI32.dll
0x00007ffe81cb0000 - 0x00007ffe81d59000 	C:\WINDOWS\System32\msvcrt.dll
0x00007ffe806e0000 - 0x00007ffe8080d000 	C:\WINDOWS\System32\gdi32full.dll
0x00007ffe7fea0000 - 0x00007ffe7ff43000 	C:\WINDOWS\System32\msvcp_win.dll
0x00007ffe82900000 - 0x00007ffe8292f000 	C:\WINDOWS\System32\IMM32.DLL
0x00007ffe733f0000 - 0x00007ffe733fc000 	c:\Users\Muktadeer\.vscode\extensions\redhat.java-1.46.0-win32-x64\jre\21.0.8-win32-x86_64\bin\vcruntime140_1.dll
0x00007ffe49040000 - 0x00007ffe490cd000 	c:\Users\Muktadeer\.vscode\extensions\redhat.java-1.46.0-win32-x64\jre\21.0.8-win32-x86_64\bin\msvcp140.dll
0x00007ffdc2570000 - 0x00007ffdc3307000 	c:\Users\Muktadeer\.vscode\extensions\redhat.java-1.46.0-win32-x64\jre\21.0.8-win32-x86_64\bin\server\jvm.dll
0x00007ffe81570000 - 0x00007ffe81624000 	C:\WINDOWS\System32\ADVAPI32.dll
0x00007ffe824c0000 - 0x00007ffe82566000 	C:\WINDOWS\System32\sechost.dll
0x00007ffe81b90000 - 0x00007ffe81ca8000 	C:\WINDOWS\System32\RPCRT4.dll
0x00007ffe80a60000 - 0x00007ffe80ad4000 	C:\WINDOWS\System32\WS2_32.dll
0x00007ffe7fa30000 - 0x00007ffe7fa8e000 	C:\WINDOWS\SYSTEM32\POWRPROF.dll
0x00007ffe68bf0000 - 0x00007ffe68c25000 	C:\WINDOWS\SYSTEM32\WINMM.dll
0x00007ffe740b0000 - 0x00007ffe740bb000 	C:\WINDOWS\SYSTEM32\VERSION.dll
0x00007ffe7fa10000 - 0x00007ffe7fa24000 	C:\WINDOWS\SYSTEM32\UMPDC.dll
0x00007ffe7e960000 - 0x00007ffe7e97b000 	C:\WINDOWS\SYSTEM32\kernel.appcore.dll
0x00007ffe733c0000 - 0x00007ffe733ca000 	c:\Users\Muktadeer\.vscode\extensions\redhat.java-1.46.0-win32-x64\jre\21.0.8-win32-x86_64\bin\jimage.dll
0x00007ffe7d580000 - 0x00007ffe7d7c2000 	C:\WINDOWS\SYSTEM32\DBGHELP.DLL
0x00007ffe82580000 - 0x00007ffe828fb000 	C:\WINDOWS\System32\combase.dll
0x00007ffe81290000 - 0x00007ffe81367000 	C:\WINDOWS\System32\OLEAUT32.dll
0x00007ffe6a630000 - 0x00007ffe6a66c000 	C:\WINDOWS\SYSTEM32\dbgcore.DLL
0x00007ffe7fc90000 - 0x00007ffe7fd28000 	C:\WINDOWS\System32\bcryptPrimitives.dll
0x00007ffe72b20000 - 0x00007ffe72b2f000 	c:\Users\Muktadeer\.vscode\extensions\redhat.java-1.46.0-win32-x64\jre\21.0.8-win32-x86_64\bin\instrument.dll
0x00007ffe63b00000 - 0x00007ffe63b1f000 	c:\Users\Muktadeer\.vscode\extensions\redhat.java-1.46.0-win32-x64\jre\21.0.8-win32-x86_64\bin\java.dll
0x00007ffe81d60000 - 0x00007ffe824ad000 	C:\WINDOWS\System32\SHELL32.dll
0x00007ffe7fd30000 - 0x00007ffe7fe9b000 	C:\WINDOWS\System32\wintypes.dll
0x00007ffe7d7d0000 - 0x00007ffe7e02d000 	C:\WINDOWS\SYSTEM32\windows.storage.dll
0x00007ffe81190000 - 0x00007ffe81282000 	C:\WINDOWS\System32\SHCORE.dll
0x00007ffe80ae0000 - 0x00007ffe80b42000 	C:\WINDOWS\System32\shlwapi.dll
0x00007ffe7faf0000 - 0x00007ffe7fb19000 	C:\WINDOWS\SYSTEM32\profapi.dll
0x00007ffe63670000 - 0x00007ffe63688000 	c:\Users\Muktadeer\.vscode\extensions\redhat.java-1.46.0-win32-x64\jre\21.0.8-win32-x86_64\bin\zip.dll
0x00007ffe72700000 - 0x00007ffe72710000 	C:\Users\Muktadeer\.vscode\extensions\redhat.java-1.46.0-win32-x64\jre\21.0.8-win32-x86_64\bin\net.dll
0x00007ffe73e00000 - 0x00007ffe73f1f000 	C:\WINDOWS\SYSTEM32\WINHTTP.dll
0x00007ffe7eeb0000 - 0x00007ffe7ef1b000 	C:\WINDOWS\system32\mswsock.dll
0x00007ffe630f0000 - 0x00007ffe63106000 	C:\Users\Muktadeer\.vscode\extensions\redhat.java-1.46.0-win32-x64\jre\21.0.8-win32-x86_64\bin\nio.dll
0x00007ffe70df0000 - 0x00007ffe70e00000 	c:\Users\Muktadeer\.vscode\extensions\redhat.java-1.46.0-win32-x64\jre\21.0.8-win32-x86_64\bin\verify.dll
0x00007ffe61320000 - 0x00007ffe61364000 	C:\Users\Muktadeer\AppData\Roaming\Code\User\globalStorage\redhat.java\1.46.0\config_win\org.eclipse.equinox.launcher\org.eclipse.equinox.launcher.win32.win32.x86_64_1.2.1400.v20250801-0854\eclipse_11916.dll
0x00007ffe80da0000 - 0x00007ffe80f38000 	C:\WINDOWS\System32\ole32.dll
0x00007ffe7f290000 - 0x00007ffe7f2ab000 	C:\WINDOWS\SYSTEM32\CRYPTSP.dll
0x00007ffe7e8c0000 - 0x00007ffe7e8fb000 	C:\WINDOWS\system32\rsaenh.dll
0x00007ffe7ef50000 - 0x00007ffe7ef7b000 	C:\WINDOWS\SYSTEM32\USERENV.dll
0x00007ffe7fac0000 - 0x00007ffe7fae6000 	C:\WINDOWS\SYSTEM32\bcrypt.dll
0x00007ffe7f0f0000 - 0x00007ffe7f0fc000 	C:\WINDOWS\SYSTEM32\CRYPTBASE.dll
0x00007ffe7e360000 - 0x00007ffe7e394000 	C:\WINDOWS\SYSTEM32\IPHLPAPI.DLL
0x00007ffe81370000 - 0x00007ffe8137a000 	C:\WINDOWS\System32\NSI.dll
0x00007ffe61070000 - 0x00007ffe610b9000 	C:\Users\Muktadeer\AppData\Local\Temp\jna--97405378\jna5505818916534693788.dll
0x00007ffe80810000 - 0x00007ffe80818000 	C:\WINDOWS\System32\PSAPI.DLL
0x00007ffe73d70000 - 0x00007ffe73d8e000 	C:\WINDOWS\SYSTEM32\dhcpcsvc6.DLL
0x00007ffe73d40000 - 0x00007ffe73d63000 	C:\WINDOWS\SYSTEM32\dhcpcsvc.DLL

JVMTI agents:
c:\Users\Muktadeer\.vscode\extensions\redhat.java-1.46.0-win32-x64\lombok\lombok-1.18.39-4050.jar path:c:\Users\Muktadeer\.vscode\extensions\redhat.java-1.46.0-win32-x64\jre\21.0.8-win32-x86_64\bin\instrument.dll, loaded, initialized, instrumentlib options:none

dbghelp: loaded successfully - version: 4.0.5 - missing functions: none
symbol engine: initialized successfully - sym options: 0x614 - pdb path: .;c:\Users\Muktadeer\.vscode\extensions\redhat.java-1.46.0-win32-x64\jre\21.0.8-win32-x86_64\bin;C:\WINDOWS\SYSTEM32;C:\WINDOWS\WinSxS\amd64_microsoft.windows.common-controls_6595b64144ccf1df_6.0.26100.6899_none_3e0efeeae32e88c1;c:\Users\Muktadeer\.vscode\extensions\redhat.java-1.46.0-win32-x64\jre\21.0.8-win32-x86_64\bin\server;C:\Users\Muktadeer\AppData\Roaming\Code\User\globalStorage\redhat.java\1.46.0\config_win\org.eclipse.equinox.launcher\org.eclipse.equinox.launcher.win32.win32.x86_64_1.2.1400.v20250801-0854;C:\Users\Muktadeer\AppData\Local\Temp\jna--97405378

VM Arguments:
jvm_args: --add-modules=ALL-SYSTEM --add-opens=java.base/java.util=ALL-UNNAMED --add-opens=java.base/java.lang=ALL-UNNAMED --add-opens=java.base/sun.nio.fs=ALL-UNNAMED -Declipse.application=org.eclipse.jdt.ls.core.id1 -Dosgi.bundles.defaultStartLevel=4 -Declipse.product=org.eclipse.jdt.ls.core.product -Djava.import.generatesMetadataFilesAtProjectRoot=false -DDetectVMInstallationsJob.disabled=true -Dfile.encoding=utf8 -XX:+UseParallelGC -XX:GCTimeRatio=4 -XX:AdaptiveSizePolicyWeight=90 -Dsun.zip.disableMemoryMapping=true -Xmx2G -Xms100m -Xlog:disable -javaagent:c:\Users\Muktadeer\.vscode\extensions\redhat.java-1.46.0-win32-x64\lombok\lombok-1.18.39-4050.jar -XX:+HeapDumpOnOutOfMemoryError -XX:HeapDumpPath=c:\Users\Muktadeer\AppData\Roaming\Code\User\workspaceStorage\1f6a51f851bf58b315156db36ba98b62\redhat.java -Daether.dependencyCollector.impl=bf 
java_command: c:\Users\Muktadeer\.vscode\extensions\redhat.java-1.46.0-win32-x64\server\plugins\org.eclipse.equinox.launcher_1.7.0.v20250519-0528.jar -configuration c:\Users\Muktadeer\AppData\Roaming\Code\User\globalStorage\redhat.java\1.46.0\config_win -data c:\Users\Muktadeer\AppData\Roaming\Code\User\workspaceStorage\1f6a51f851bf58b315156db36ba98b62\redhat.java\jdt_ws --pipe=\\.\pipe\lsp-3b475945093c9e64e7b6af7b3cb64e95-sock
java_class_path (initial): c:\Users\Muktadeer\.vscode\extensions\redhat.java-1.46.0-win32-x64\server\plugins\org.eclipse.equinox.launcher_1.7.0.v20250519-0528.jar
Launcher Type: SUN_STANDARD

[Global flags]
    uintx AdaptiveSizePolicyWeight                 = 90                                        {product} {command line}
     intx CICompilerCount                          = 3                                         {product} {ergonomic}
    uintx GCTimeRatio                              = 4                                         {product} {command line}
     bool HeapDumpOnOutOfMemoryError               = true                                   {manageable} {command line}
    ccstr HeapDumpPath                             = c:\Users\Muktadeer\AppData\Roaming\Code\User\workspaceStorage\1f6a51f851bf58b315156db36ba98b62\redhat.java         {manageable} {command line}
   size_t InitialHeapSize                          = 104857600                                 {product} {command line}
   size_t MaxHeapSize                              = 2147483648                                {product} {command line}
   size_t MaxNewSize                               = 715653120                                 {product} {ergonomic}
   size_t MinHeapDeltaBytes                        = 524288                                    {product} {ergonomic}
   size_t MinHeapSize                              = 104857600                                 {product} {command line}
   size_t NewSize                                  = 34603008                                  {product} {ergonomic}
    uintx NonNMethodCodeHeapSize                   = 5832780                                {pd product} {ergonomic}
    uintx NonProfiledCodeHeapSize                  = 122912730                              {pd product} {ergonomic}
   size_t OldSize                                  = 70254592                                  {product} {ergonomic}
    uintx ProfiledCodeHeapSize                     = 122912730                              {pd product} {ergonomic}
    uintx ReservedCodeCacheSize                    = 251658240                              {pd product} {ergonomic}
     bool SegmentedCodeCache                       = true                                      {product} {ergonomic}
   size_t SoftMaxHeapSize                          = 2147483648                             {manageable} {ergonomic}
     bool UseCompressedOops                        = true                           {product lp64_product} {ergonomic}
     bool UseLargePagesIndividualAllocation        = false                                  {pd product} {ergonomic}
     bool UseParallelGC                            = true                                      {product} {command line}

Logging:
Log output configuration:
 #0: stdout all=off uptime,level,tags foldmultilines=false
 #1: stderr all=off uptime,level,tags foldmultilines=false

Environment Variables:
JAVA_HOME=D:\ad_sdk\jdk-21.0.6
PATH=D:\Programs\curl-8.15.0_4-win64-mingw\bin;C:\WINDOWS\system32;C:\WINDOWS;C:\WINDOWS\System32\Wbem;C:\WINDOWS\System32\WindowsPowerShell\v1.0\;C:\WINDOWS\System32\OpenSSH\;D:\vsCode\VSCode-win32-x64-1.82.1\bin;D:\ad_sdk\jdk-21.0.6\bin;C:\Program Files\Git\cmd;C:\Users\Muktadeer\AppData\Local\nvm;C:\nvm4w\nodejs;D:\ad_sdk\apache-maven-3.9.9\bin;C:\Program Files (x86)\Microsoft SQL Server\150\DTS\Binn\;C:\Program Files\Azure Data Studio\bin;D:\Programs\Toad\instantclient_23_8;C:\Program Files (x86)\Microsoft SQL Server\160\Tools\Binn\;C:\Program Files\Microsoft SQL Server\160\Tools\Binn\;C:\Program Files\Microsoft SQL Server\Client SDK\ODBC\170\Tools\Binn\;C:\Program Files\Microsoft SQL Server\160\DTS\Binn\;D:\idea\IntelliJ IDEA 2024.1\bin;D:\ad_sdk\flutter\bin;D:\ad_sdk\dart-sdk\bin;D:\ad_sdk\android\emulator;D:\ad_sdk\android\platform-tools;D:\ad_sdk\android\sdk\cmdline-tools\latest\bin;C:\Program Files\starship\bin\;C:\Program Files\dotnet\;C:\Program Files\PowerShell\7\;D:\Programs\python\Scripts\;D:\Programs\python\;C:\Users\Muktadeer\AppData\Local\Programs\Python\Launcher\;C:\Users\Muktadeer\AppData\Local\Microsoft\WindowsApps;C:\Users\Muktadeer\AppData\Local\nvm;C:\nvm4w\nodejs;C:\Program Files\Azure Data Studio\bin;D:\All Software\inteleji\IntelliJ IDEA 2025.1.2\bin;
USERNAME=Muktadeer
OS=Windows_NT
PROCESSOR_IDENTIFIER=Intel64 Family 6 Model 142 Stepping 9, GenuineIntel
TMP=C:\Users\MUKTAD~1\AppData\Local\Temp
TEMP=C:\Users\MUKTAD~1\AppData\Local\Temp




Periodic native trim disabled

---------------  S Y S T E M  ---------------

OS:
 Windows 11 , 64 bit Build 26100 (10.0.26100.6725)
OS uptime: 13 days 20:28 hours
Hyper-V role detected

CPU: total 4 (initial active 4) (2 cores per cpu, 2 threads per core) family 6 model 142 stepping 9 microcode 0xf6, cx8, cmov, fxsr, ht, mmx, 3dnowpref, sse, sse2, sse3, ssse3, sse4.1, sse4.2, popcnt, lzcnt, tsc, tscinvbit, avx, avx2, aes, erms, clmul, bmi1, bmi2, rtm, adx, fma, vzeroupper, clflush, clflushopt, hv, rdtscp, f16c
Processor Information for the first 4 processors :
  Max Mhz: 2712, Current Mhz: 2611, Mhz Limit: 2603

Memory: 4k page, system-wide physical 16264M (968M free)
TotalPageFile size 33764M (AvailPageFile size 41M)
current process WorkingSet (physical memory assigned to process): 7M, peak: 336M
current process commit charge ("private bytes"): 409M, peak: 428M

vm_info: OpenJDK 64-Bit Server VM (21.0.8+9-LTS) for windows-amd64 JRE (21.0.8+9-LTS), built on 2025-07-15T00:00:00Z by "admin" with MS VC++ 17.7 (VS2022)

END.
